<contestStandings>
  <standingsHeader currentDate="2017-06-07 23:19:59" generatorId="$Id$" groupCount="1" medianProblemsSolved="0" problemCount="4" problemsAttempted="4" siteCount="1" systemName="CSUS Programming Contest System" systemURL="http://pc2.ecs.csus.edu/" systemVersion="9.4.1 20170125 build 3850" title="Programming Contest" totalAttempts="15" totalSolved="6">
    <groupList />
    <colorList />
    <problem attempts="28" bestSolutionTime="8" id="1" lastSolutionTime="0" numberSolved="8" title="Hello World!" />
    <problem attempts="33" bestSolutionTime="11" id="2" lastSolutionTime="0" numberSolved="11" title="A+B problem" />
    <problem attempts="24" bestSolutionTime="12" id="3" lastSolutionTime="0" numberSolved="10" title="A-B problem" />
    <problem attempts="25" bestSolutionTime="14" id="4" lastSolutionTime="0" numberSolved="6" title="A^B problem" />
  </standingsHeader>
  <teamStanding firstSolved="8" index="1" lastSolved="14" points="65" problemsAttempted="4" rank="1" solved="4" teamAlias="English rookie (not aliasesd)" teamExternalId="1001" teamId="1" teamKey="1TEAM1" teamName="English rookie" teamSiteId="1" totalAttempts="7">
    <problemSummaryInfo attempts="4" index="1" isPending="false" isSolved="true" points="28" problemId="Hello World!--1978929096614483534" solutionTime="8" />
    <problemSummaryInfo attempts="1" index="2" isPending="false" isSolved="true" points="11" problemId="A+B problem--2140736868804579041" solutionTime="11" />
    <problemSummaryInfo attempts="1" index="3" isPending="false" isSolved="true" points="12" problemId="A-B problem--2187398123296398825" solutionTime="12" />
    <problemSummaryInfo attempts="1" index="4" isPending="false" isSolved="true" points="14" problemId="A^B problem-4810782198431166816" solutionTime="14" />
  </teamStanding>
  <teamStanding firstSolved="16" index="31" lastSolved="16" points="16" problemsAttempted="3" rank="31" solved="1" teamAlias="T.A.G (not aliasesd)" teamExternalId="1027" teamId="27" teamKey="1TEAM27" teamName="T.A.G" teamSiteId="1" totalAttempts="3">
    <problemSummaryInfo attempts="1" index="1" isPending="true" isSolved="false" points="0" problemId="Hello World!--1978929096614483534" solutionTime="-1" />
    <problemSummaryInfo attempts="0" index="2" isPending="false" isSolved="false" points="0" problemId="A+B problem--2140736868804579041" solutionTime="0" />
    <problemSummaryInfo attempts="1" index="3" isPending="false" isSolved="false" points="0" problemId="A-B problem--2187398123296398825" solutionTime="-1" />
    <problemSummaryInfo attempts="1" index="4" isPending="false" isSolved="true" points="16" problemId="A^B problem-4810782198431166816" solutionTime="16" />
  </teamStanding>
  <teamStanding firstSolved="18" index="2" lastSolved="18" points="18" problemsAttempted="1" rank="2" solved="2" teamAlias="just do it (not aliasesd)" teamExternalId="1003" teamId="3" teamKey="1TEAM3" teamName="just do it" teamSiteId="1" totalAttempts="1">
    <problemSummaryInfo attempts="0" index="1" isPending="false" isSolved="false" points="0" problemId="Hello World!--1978929096614483534" solutionTime="0" />
    <problemSummaryInfo attempts="1" index="2" isPending="false" isSolved="true" points="0" problemId="A+B problem--2140736868804579041" solutionTime="0" />
    <problemSummaryInfo attempts="1" index="3" isPending="false" isSolved="true" points="18" problemId="A-B problem--2187398123296398825" solutionTime="18" />
    <problemSummaryInfo attempts="0" index="4" isPending="false" isSolved="false" points="0" problemId="A^B problem-4810782198431166816" solutionTime="0" />
  </teamStanding>
  <teamStanding firstSolved="-1" index="3" lastSolved="0" points="0" problemsAttempted="0" rank="3" solved="1" teamAlias="111 (not aliasesd)" teamExternalId="1035" teamId="35" teamKey="1TEAM35" teamName="111" teamSiteId="1" totalAttempts="0">
    <problemSummaryInfo attempts="0" index="1" isPending="false" isSolved="false" points="0" problemId="Hello World!--1978929096614483534" solutionTime="0" />
    <problemSummaryInfo attempts="1" index="2" isPending="false" isSolved="true" points="0" problemId="A+B problem--2140736868804579041" solutionTime="0" />
    <problemSummaryInfo attempts="0" index="3" isPending="false" isSolved="false" points="0" problemId="A-B problem--2187398123296398825" solutionTime="0" />
    <problemSummaryInfo attempts="0" index="4" isPending="false" isSolved="false" points="0" problemId="A^B problem-4810782198431166816" solutionTime="0" />
  </teamStanding>
  <teamStanding firstSolved="-1" index="32" lastSolved="0" points="0" problemsAttempted="0" rank="32" solved="0" teamAlias="3 Idiots (not aliasesd)" teamExternalId="1082" teamId="82" teamKey="1TEAM82" teamName="3 Idiots" teamSiteId="1" totalAttempts="0">
    <problemSummaryInfo attempts="1" index="1" isPending="true" isSolved="false" points="0" problemId="Hello World!--1978929096614483534" solutionTime="0" />
    <problemSummaryInfo attempts="0" index="2" isPending="false" isSolved="false" points="0" problemId="A+B problem--2140736868804579041" solutionTime="0" />
    <problemSummaryInfo attempts="0" index="3" isPending="false" isSolved="false" points="0" problemId="A-B problem--2187398123296398825" solutionTime="0" />
    <problemSummaryInfo attempts="0" index="4" isPending="false" isSolved="false" points="0" problemId="A^B problem-4810782198431166816" solutionTime="0" />
  </teamStanding>
  <teamStanding firstSolved="-1" index="33" lastSolved="0" points="0" problemsAttempted="0" rank="33" solved="0" teamAlias="A Cute Goat (not aliasesd)" teamExternalId="1018" teamId="18" teamKey="1TEAM18" teamName="A Cute Goat" teamSiteId="1" totalAttempts="0">
    <problemSummaryInfo attempts="0" index="1" isPending="false" isSolved="false" points="0" problemId="Hello World!--1978929096614483534" solutionTime="0" />
    <problemSummaryInfo attempts="0" index="2" isPending="false" isSolved="false" points="0" problemId="A+B problem--2140736868804579041" solutionTime="0" />
    <problemSummaryInfo attempts="0" index="3" isPending="false" isSolved="false" points="0" problemId="A-B problem--2187398123296398825" solutionTime="0" />
    <problemSummaryInfo attempts="0" index="4" isPending="false" isSolved="false" points="0" problemId="A^B problem-4810782198431166816" solutionTime="0" />
  </teamStanding>
  <teamStanding firstSolved="-1" index="34" lastSolved="0" points="0" problemsAttempted="0" rank="34" solved="0" teamAlias="AC_team (not aliasesd)" teamExternalId="1104" teamId="104" teamKey="1TEAM104" teamName="AC_team" teamSiteId="1" totalAttempts="0">
    <problemSummaryInfo attempts="0" index="1" isPending="false" isSolved="false" points="0" problemId="Hello World!--1978929096614483534" solutionTime="0" />
    <problemSummaryInfo attempts="0" index="2" isPending="false" isSolved="false" points="0" problemId="A+B problem--2140736868804579041" solutionTime="0" />
    <problemSummaryInfo attempts="0" index="3" isPending="false" isSolved="false" points="0" problemId="A-B problem--2187398123296398825" solutionTime="0" />
    <problemSummaryInfo attempts="0" index="4" isPending="false" isSolved="false" points="0" problemId="A^B problem-4810782198431166816" solutionTime="0" />
  </teamStanding>
  <teamStanding firstSolved="-1" index="35" lastSolved="0" points="0" problemsAttempted="0" rank="35" solved="0" teamAlias="Acceleration (not aliasesd)" teamExternalId="1122" teamId="122" teamKey="1TEAM122" teamName="Acceleration" teamSiteId="1" totalAttempts="0">
    <problemSummaryInfo attempts="0" index="1" isPending="false" isSolved="false" points="0" problemId="Hello World!--1978929096614483534" solutionTime="0" />
    <problemSummaryInfo attempts="1" index="2" isPending="false" isSolved="false" points="0" problemId="A+B problem--2140736868804579041" solutionTime="0" />
    <problemSummaryInfo attempts="0" index="3" isPending="false" isSolved="false" points="0" problemId="A-B problem--2187398123296398825" solutionTime="0" />
    <problemSummaryInfo attempts="0" index="4" isPending="false" isSolved="false" points="0" problemId="A^B problem-4810782198431166816" solutionTime="0" />
  </teamStanding>
  <teamStanding firstSolved="-1" index="36" lastSolved="0" points="0" problemsAttempted="0" rank="36" solved="0" teamAlias="Accepted (not aliasesd)" teamExternalId="1043" teamId="43" teamKey="1TEAM43" teamName="Accepted" teamSiteId="1" totalAttempts="0">
    <problemSummaryInfo attempts="0" index="1" isPending="false" isSolved="false" points="0" problemId="Hello World!--1978929096614483534" solutionTime="0" />
    <problemSummaryInfo attempts="0" index="2" isPending="false" isSolved="false" points="0" problemId="A+B problem--2140736868804579041" solutionTime="0" />
    <problemSummaryInfo attempts="0" index="3" isPending="false" isSolved="false" points="0" problemId="A-B problem--2187398123296398825" solutionTime="0" />
    <problemSummaryInfo attempts="0" index="4" isPending="false" isSolved="false" points="0" problemId="A^B problem-4810782198431166816" solutionTime="0" />
  </teamStanding>
  <teamStanding firstSolved="-1" index="37" lastSolved="0" points="0" problemsAttempted="0" rank="37" solved="0" teamAlias="ACE (not aliasesd)" teamExternalId="1096" teamId="96" teamKey="1TEAM96" teamName="ACE" teamSiteId="1" totalAttempts="0">
    <problemSummaryInfo attempts="0" index="1" isPending="false" isSolved="false" points="0" problemId="Hello World!--1978929096614483534" solutionTime="0" />
    <problemSummaryInfo attempts="0" index="2" isPending="false" isSolved="false" points="0" problemId="A+B problem--2140736868804579041" solutionTime="0" />
    <problemSummaryInfo attempts="0" index="3" isPending="false" isSolved="false" points="0" problemId="A-B problem--2187398123296398825" solutionTime="0" />
    <problemSummaryInfo attempts="0" index="4" isPending="false" isSolved="false" points="0" problemId="A^B problem-4810782198431166816" solutionTime="0" />
  </teamStanding>
  <teamStanding firstSolved="-1" index="38" lastSolved="0" points="0" problemsAttempted="0" rank="38" solved="0" teamAlias="ACM-Fighter (not aliasesd)" teamExternalId="1121" teamId="121" teamKey="1TEAM121" teamName="ACM-Fighter" teamSiteId="1" totalAttempts="0">
    <problemSummaryInfo attempts="0" index="1" isPending="false" isSolved="false" points="0" problemId="Hello World!--1978929096614483534" solutionTime="0" />
    <problemSummaryInfo attempts="0" index="2" isPending="false" isSolved="false" points="0" problemId="A+B problem--2140736868804579041" solutionTime="0" />
    <problemSummaryInfo attempts="0" index="3" isPending="false" isSolved="false" points="0" problemId="A-B problem--2187398123296398825" solutionTime="0" />
    <problemSummaryInfo attempts="0" index="4" isPending="false" isSolved="false" points="0" problemId="A^B problem-4810782198431166816" solutionTime="0" />
  </teamStanding>
  <teamStanding firstSolved="-1" index="4" lastSolved="0" points="0" problemsAttempted="0" rank="4" solved="1" teamAlias="Actor.New (not aliasesd)" teamExternalId="1059" teamId="59" teamKey="1TEAM59" teamName="Actor.New" teamSiteId="1" totalAttempts="0">
    <problemSummaryInfo attempts="0" index="1" isPending="false" isSolved="false" points="0" problemId="Hello World!--1978929096614483534" solutionTime="0" />
    <problemSummaryInfo attempts="1" index="2" isPending="false" isSolved="true" points="0" problemId="A+B problem--2140736868804579041" solutionTime="0" />
    <problemSummaryInfo attempts="0" index="3" isPending="false" isSolved="false" points="0" problemId="A-B problem--2187398123296398825" solutionTime="0" />
    <problemSummaryInfo attempts="1" index="4" isPending="true" isSolved="false" points="0" problemId="A^B problem-4810782198431166816" solutionTime="0" />
  </teamStanding>
  <teamStanding firstSolved="-1" index="39" lastSolved="0" points="0" problemsAttempted="0" rank="39" solved="0" teamAlias="AD team (not aliasesd)" teamExternalId="1092" teamId="92" teamKey="1TEAM92" teamName="AD team" teamSiteId="1" totalAttempts="0">
    <problemSummaryInfo attempts="0" index="1" isPending="false" isSolved="false" points="0" problemId="Hello World!--1978929096614483534" solutionTime="0" />
    <problemSummaryInfo attempts="0" index="2" isPending="false" isSolved="false" points="0" problemId="A+B problem--2140736868804579041" solutionTime="0" />
    <problemSummaryInfo attempts="0" index="3" isPending="false" isSolved="false" points="0" problemId="A-B problem--2187398123296398825" solutionTime="0" />
    <problemSummaryInfo attempts="0" index="4" isPending="false" isSolved="false" points="0" problemId="A^B problem-4810782198431166816" solutionTime="0" />
  </teamStanding>
  <teamStanding firstSolved="-1" index="5" lastSolved="0" points="0" problemsAttempted="0" rank="5" solved="1" teamAlias="Akatsuki_deadline (not aliasesd)" teamExternalId="1046" teamId="46" teamKey="1TEAM46" teamName="Akatsuki_deadline" teamSiteId="1" totalAttempts="0">
    <problemSummaryInfo attempts="0" index="1" isPending="false" isSolved="false" points="0" problemId="Hello World!--1978929096614483534" solutionTime="0" />
    <problemSummaryInfo attempts="0" index="2" isPending="false" isSolved="false" points="0" problemId="A+B problem--2140736868804579041" solutionTime="0" />
    <problemSummaryInfo attempts="1" index="3" isPending="false" isSolved="true" points="0" problemId="A-B problem--2187398123296398825" solutionTime="0" />
    <problemSummaryInfo attempts="0" index="4" isPending="false" isSolved="false" points="0" problemId="A^B problem-4810782198431166816" solutionTime="0" />
  </teamStanding>
  <teamStanding firstSolved="-1" index="40" lastSolved="0" points="0" problemsAttempted="0" rank="40" solved="0" teamAlias="Alice (not aliasesd)" teamExternalId="1039" teamId="39" teamKey="1TEAM39" teamName="Alice" teamSiteId="1" totalAttempts="0">
    <problemSummaryInfo attempts="0" index="1" isPending="false" isSolved="false" points="0" problemId="Hello World!--1978929096614483534" solutionTime="0" />
    <problemSummaryInfo attempts="0" index="2" isPending="false" isSolved="false" points="0" problemId="A+B problem--2140736868804579041" solutionTime="0" />
    <problemSummaryInfo attempts="0" index="3" isPending="false" isSolved="false" points="0" problemId="A-B problem--2187398123296398825" solutionTime="0" />
    <problemSummaryInfo attempts="0" index="4" isPending="false" isSolved="false" points="0" problemId="A^B problem-4810782198431166816" solutionTime="0" />
  </teamStanding>
  <teamStanding firstSolved="-1" index="6" lastSolved="0" points="0" problemsAttempted="0" rank="6" solved="1" teamAlias="Ants (not aliasesd)" teamExternalId="1048" teamId="48" teamKey="1TEAM48" teamName="Ants" teamSiteId="1" totalAttempts="0">
    <problemSummaryInfo attempts="0" index="1" isPending="false" isSolved="false" points="0" problemId="Hello World!--1978929096614483534" solutionTime="0" />
    <problemSummaryInfo attempts="1" index="2" isPending="false" isSolved="true" points="0" problemId="A+B problem--2140736868804579041" solutionTime="0" />
    <problemSummaryInfo attempts="0" index="3" isPending="false" isSolved="false" points="0" problemId="A-B problem--2187398123296398825" solutionTime="0" />
    <problemSummaryInfo attempts="0" index="4" isPending="false" isSolved="false" points="0" problemId="A^B problem-4810782198431166816" solutionTime="0" />
  </teamStanding>
  <teamStanding firstSolved="-1" index="41" lastSolved="0" points="0" problemsAttempted="0" rank="41" solved="0" teamAlias="Archer (not aliasesd)" teamExternalId="1063" teamId="63" teamKey="1TEAM63" teamName="Archer" teamSiteId="1" totalAttempts="0">
    <problemSummaryInfo attempts="0" index="1" isPending="false" isSolved="false" points="0" problemId="Hello World!--1978929096614483534" solutionTime="0" />
    <problemSummaryInfo attempts="0" index="2" isPending="false" isSolved="false" points="0" problemId="A+B problem--2140736868804579041" solutionTime="0" />
    <problemSummaryInfo attempts="0" index="3" isPending="false" isSolved="false" points="0" problemId="A-B problem--2187398123296398825" solutionTime="0" />
    <problemSummaryInfo attempts="0" index="4" isPending="false" isSolved="false" points="0" problemId="A^B problem-4810782198431166816" solutionTime="0" />
  </teamStanding>
  <teamStanding firstSolved="-1" index="42" lastSolved="0" points="0" problemsAttempted="0" rank="42" solved="0" teamAlias="artofdream (not aliasesd)" teamExternalId="1066" teamId="66" teamKey="1TEAM66" teamName="artofdream" teamSiteId="1" totalAttempts="0">
    <problemSummaryInfo attempts="0" index="1" isPending="false" isSolved="false" points="0" problemId="Hello World!--1978929096614483534" solutionTime="0" />
    <problemSummaryInfo attempts="0" index="2" isPending="false" isSolved="false" points="0" problemId="A+B problem--2140736868804579041" solutionTime="0" />
    <problemSummaryInfo attempts="0" index="3" isPending="false" isSolved="false" points="0" problemId="A-B problem--2187398123296398825" solutionTime="0" />
    <problemSummaryInfo attempts="0" index="4" isPending="false" isSolved="false" points="0" problemId="A^B problem-4810782198431166816" solutionTime="0" />
  </teamStanding>
  <teamStanding firstSolved="-1" index="43" lastSolved="0" points="0" problemsAttempted="0" rank="43" solved="0" teamAlias="Assassin (not aliasesd)" teamExternalId="1129" teamId="129" teamKey="1TEAM129" teamName="Assassin" teamSiteId="1" totalAttempts="0">
    <problemSummaryInfo attempts="0" index="1" isPending="false" isSolved="false" points="0" problemId="Hello World!--1978929096614483534" solutionTime="0" />
    <problemSummaryInfo attempts="0" index="2" isPending="false" isSolved="false" points="0" problemId="A+B problem--2140736868804579041" solutionTime="0" />
    <problemSummaryInfo attempts="0" index="3" isPending="false" isSolved="false" points="0" problemId="A-B problem--2187398123296398825" solutionTime="0" />
    <problemSummaryInfo attempts="1" index="4" isPending="false" isSolved="false" points="0" problemId="A^B problem-4810782198431166816" solutionTime="0" />
  </teamStanding>
  <teamStanding firstSolved="-1" index="44" lastSolved="0" points="0" problemsAttempted="0" rank="44" solved="0" teamAlias="Avalon (not aliasesd)" teamExternalId="1056" teamId="56" teamKey="1TEAM56" teamName="Avalon" teamSiteId="1" totalAttempts="0">
    <problemSummaryInfo attempts="0" index="1" isPending="false" isSolved="false" points="0" problemId="Hello World!--1978929096614483534" solutionTime="0" />
    <problemSummaryInfo attempts="0" index="2" isPending="false" isSolved="false" points="0" problemId="A+B problem--2140736868804579041" solutionTime="0" />
    <problemSummaryInfo attempts="0" index="3" isPending="false" isSolved="false" points="0" problemId="A-B problem--2187398123296398825" solutionTime="0" />
    <problemSummaryInfo attempts="0" index="4" isPending="false" isSolved="false" points="0" problemId="A^B problem-4810782198431166816" solutionTime="0" />
  </teamStanding>
  <teamStanding firstSolved="-1" index="45" lastSolved="0" points="0" problemsAttempted="0" rank="45" solved="0" teamAlias="Avenger (not aliasesd)" teamExternalId="1065" teamId="65" teamKey="1TEAM65" teamName="Avenger" teamSiteId="1" totalAttempts="0">
    <problemSummaryInfo attempts="1" index="1" isPending="true" isSolved="false" points="0" problemId="Hello World!--1978929096614483534" solutionTime="0" />
    <problemSummaryInfo attempts="0" index="2" isPending="false" isSolved="false" points="0" problemId="A+B problem--2140736868804579041" solutionTime="0" />
    <problemSummaryInfo attempts="0" index="3" isPending="false" isSolved="false" points="0" problemId="A-B problem--2187398123296398825" solutionTime="0" />
    <problemSummaryInfo attempts="0" index="4" isPending="false" isSolved="false" points="0" problemId="A^B problem-4810782198431166816" solutionTime="0" />
  </teamStanding>
  <teamStanding firstSolved="-1" index="46" lastSolved="0" points="0" problemsAttempted="0" rank="46" solved="0" teamAlias="Baymax (not aliasesd)" teamExternalId="1042" teamId="42" teamKey="1TEAM42" teamName="Baymax" teamSiteId="1" totalAttempts="0">
    <problemSummaryInfo attempts="0" index="1" isPending="false" isSolved="false" points="0" problemId="Hello World!--1978929096614483534" solutionTime="0" />
    <problemSummaryInfo attempts="0" index="2" isPending="false" isSolved="false" points="0" problemId="A+B problem--2140736868804579041" solutionTime="0" />
    <problemSummaryInfo attempts="0" index="3" isPending="false" isSolved="false" points="0" problemId="A-B problem--2187398123296398825" solutionTime="0" />
    <problemSummaryInfo attempts="0" index="4" isPending="false" isSolved="false" points="0" problemId="A^B problem-4810782198431166816" solutionTime="0" />
  </teamStanding>
  <teamStanding firstSolved="-1" index="47" lastSolved="0" points="0" problemsAttempted="0" rank="47" solved="0" teamAlias="Berserker (not aliasesd)" teamExternalId="1094" teamId="94" teamKey="1TEAM94" teamName="Berserker" teamSiteId="1" totalAttempts="0">
    <problemSummaryInfo attempts="0" index="1" isPending="false" isSolved="false" points="0" problemId="Hello World!--1978929096614483534" solutionTime="0" />
    <problemSummaryInfo attempts="0" index="2" isPending="false" isSolved="false" points="0" problemId="A+B problem--2140736868804579041" solutionTime="0" />
    <problemSummaryInfo attempts="0" index="3" isPending="false" isSolved="false" points="0" problemId="A-B problem--2187398123296398825" solutionTime="0" />
    <problemSummaryInfo attempts="0" index="4" isPending="false" isSolved="false" points="0" problemId="A^B problem-4810782198431166816" solutionTime="0" />
  </teamStanding>
  <teamStanding firstSolved="-1" index="48" lastSolved="0" points="0" problemsAttempted="0" rank="48" solved="0" teamAlias="Big Information (not aliasesd)" teamExternalId="1127" teamId="127" teamKey="1TEAM127" teamName="Big Information" teamSiteId="1" totalAttempts="0">
    <problemSummaryInfo attempts="0" index="1" isPending="false" isSolved="false" points="0" problemId="Hello World!--1978929096614483534" solutionTime="0" />
    <problemSummaryInfo attempts="0" index="2" isPending="false" isSolved="false" points="0" problemId="A+B problem--2140736868804579041" solutionTime="0" />
    <problemSummaryInfo attempts="0" index="3" isPending="false" isSolved="false" points="0" problemId="A-B problem--2187398123296398825" solutionTime="0" />
    <problemSummaryInfo attempts="0" index="4" isPending="false" isSolved="false" points="0" problemId="A^B problem-4810782198431166816" solutionTime="0" />
  </teamStanding>
  <teamStanding firstSolved="-1" index="49" lastSolved="0" points="0" problemsAttempted="0" rank="49" solved="0" teamAlias="Black Boys (not aliasesd)" teamExternalId="1137" teamId="137" teamKey="1TEAM137" teamName="Black Boys" teamSiteId="1" totalAttempts="0">
    <problemSummaryInfo attempts="0" index="1" isPending="false" isSolved="false" points="0" problemId="Hello World!--1978929096614483534" solutionTime="0" />
    <problemSummaryInfo attempts="0" index="2" isPending="false" isSolved="false" points="0" problemId="A+B problem--2140736868804579041" solutionTime="0" />
    <problemSummaryInfo attempts="0" index="3" isPending="false" isSolved="false" points="0" problemId="A-B problem--2187398123296398825" solutionTime="0" />
    <problemSummaryInfo attempts="0" index="4" isPending="false" isSolved="false" points="0" problemId="A^B problem-4810782198431166816" solutionTime="0" />
  </teamStanding>
  <teamStanding firstSolved="-1" index="50" lastSolved="0" points="0" problemsAttempted="0" rank="50" solved="0" teamAlias="Black Organization (not aliasesd)" teamExternalId="1007" teamId="7" teamKey="1TEAM7" teamName="Black Organization" teamSiteId="1" totalAttempts="0">
    <problemSummaryInfo attempts="0" index="1" isPending="false" isSolved="false" points="0" problemId="Hello World!--1978929096614483534" solutionTime="0" />
    <problemSummaryInfo attempts="0" index="2" isPending="false" isSolved="false" points="0" problemId="A+B problem--2140736868804579041" solutionTime="0" />
    <problemSummaryInfo attempts="0" index="3" isPending="false" isSolved="false" points="0" problemId="A-B problem--2187398123296398825" solutionTime="0" />
    <problemSummaryInfo attempts="0" index="4" isPending="false" isSolved="false" points="0" problemId="A^B problem-4810782198431166816" solutionTime="0" />
  </teamStanding>
  <teamStanding firstSolved="-1" index="7" lastSolved="0" points="0" problemsAttempted="0" rank="7" solved="1" teamAlias="brave fighters (not aliasesd)" teamExternalId="1022" teamId="22" teamKey="1TEAM22" teamName="brave fighters" teamSiteId="1" totalAttempts="0">
    <problemSummaryInfo attempts="1" index="1" isPending="false" isSolved="true" points="0" problemId="Hello World!--1978929096614483534" solutionTime="0" />
    <problemSummaryInfo attempts="1" index="2" isPending="false" isSolved="false" points="0" problemId="A+B problem--2140736868804579041" solutionTime="0" />
    <problemSummaryInfo attempts="0" index="3" isPending="false" isSolved="false" points="0" problemId="A-B problem--2187398123296398825" solutionTime="0" />
    <problemSummaryInfo attempts="0" index="4" isPending="false" isSolved="false" points="0" problemId="A^B problem-4810782198431166816" solutionTime="0" />
  </teamStanding>
  <teamStanding firstSolved="-1" index="51" lastSolved="0" points="0" problemsAttempted="0" rank="51" solved="0" teamAlias="Buddhist scriptures (not aliasesd)" teamExternalId="1064" teamId="64" teamKey="1TEAM64" teamName="Buddhist scriptures" teamSiteId="1" totalAttempts="0">
    <problemSummaryInfo attempts="0" index="1" isPending="false" isSolved="false" points="0" problemId="Hello World!--1978929096614483534" solutionTime="0" />
    <problemSummaryInfo attempts="1" index="2" isPending="false" isSolved="false" points="0" problemId="A+B problem--2140736868804579041" solutionTime="0" />
    <problemSummaryInfo attempts="0" index="3" isPending="false" isSolved="false" points="0" problemId="A-B problem--2187398123296398825" solutionTime="0" />
    <problemSummaryInfo attempts="0" index="4" isPending="false" isSolved="false" points="0" problemId="A^B problem-4810782198431166816" solutionTime="0" />
  </teamStanding>
  <teamStanding firstSolved="-1" index="8" lastSolved="0" points="0" problemsAttempted="0" rank="8" solved="1" teamAlias="bugkiller (not aliasesd)" teamExternalId="1070" teamId="70" teamKey="1TEAM70" teamName="bugkiller" teamSiteId="1" totalAttempts="0">
    <problemSummaryInfo attempts="0" index="1" isPending="false" isSolved="false" points="0" problemId="Hello World!--1978929096614483534" solutionTime="0" />
    <problemSummaryInfo attempts="1" index="2" isPending="false" isSolved="false" points="0" problemId="A+B problem--2140736868804579041" solutionTime="0" />
    <problemSummaryInfo attempts="0" index="3" isPending="false" isSolved="false" points="0" problemId="A-B problem--2187398123296398825" solutionTime="0" />
    <problemSummaryInfo attempts="1" index="4" isPending="false" isSolved="true" points="0" problemId="A^B problem-4810782198431166816" solutionTime="0" />
  </teamStanding>
  <teamStanding firstSolved="-1" index="9" lastSolved="0" points="0" problemsAttempted="0" rank="9" solved="1" teamAlias="BurNIng (not aliasesd)" teamExternalId="1114" teamId="114" teamKey="1TEAM114" teamName="BurNIng" teamSiteId="1" totalAttempts="0">
    <problemSummaryInfo attempts="0" index="1" isPending="false" isSolved="false" points="0" problemId="Hello World!--1978929096614483534" solutionTime="0" />
    <problemSummaryInfo attempts="0" index="2" isPending="false" isSolved="false" points="0" problemId="A+B problem--2140736868804579041" solutionTime="0" />
    <problemSummaryInfo attempts="1" index="3" isPending="false" isSolved="true" points="0" problemId="A-B problem--2187398123296398825" solutionTime="0" />
    <problemSummaryInfo attempts="0" index="4" isPending="false" isSolved="false" points="0" problemId="A^B problem-4810782198431166816" solutionTime="0" />
  </teamStanding>
  <teamStanding firstSolved="-1" index="52" lastSolved="0" points="0" problemsAttempted="0" rank="52" solved="0" teamAlias="byron_daughters (not aliasesd)" teamExternalId="1023" teamId="23" teamKey="1TEAM23" teamName="byron_daughters" teamSiteId="1" totalAttempts="0">
    <problemSummaryInfo attempts="0" index="1" isPending="false" isSolved="false" points="0" problemId="Hello World!--1978929096614483534" solutionTime="0" />
    <problemSummaryInfo attempts="0" index="2" isPending="false" isSolved="false" points="0" problemId="A+B problem--2140736868804579041" solutionTime="0" />
    <problemSummaryInfo attempts="0" index="3" isPending="false" isSolved="false" points="0" problemId="A-B problem--2187398123296398825" solutionTime="0" />
    <problemSummaryInfo attempts="0" index="4" isPending="false" isSolved="false" points="0" problemId="A^B problem-4810782198431166816" solutionTime="0" />
  </teamStanding>
  <teamStanding firstSolved="-1" index="53" lastSolved="0" points="0" problemsAttempted="0" rank="53" solved="0" teamAlias="Caster (not aliasesd)" teamExternalId="1078" teamId="78" teamKey="1TEAM78" teamName="Caster" teamSiteId="1" totalAttempts="0">
    <problemSummaryInfo attempts="0" index="1" isPending="false" isSolved="false" points="0" problemId="Hello World!--1978929096614483534" solutionTime="0" />
    <problemSummaryInfo attempts="1" index="2" isPending="true" isSolved="false" points="0" problemId="A+B problem--2140736868804579041" solutionTime="0" />
    <problemSummaryInfo attempts="0" index="3" isPending="false" isSolved="false" points="0" problemId="A-B problem--2187398123296398825" solutionTime="0" />
    <problemSummaryInfo attempts="1" index="4" isPending="true" isSolved="false" points="0" problemId="A^B problem-4810782198431166816" solutionTime="0" />
  </teamStanding>
  <teamStanding firstSolved="-1" index="54" lastSolved="0" points="0" problemsAttempted="0" rank="54" solved="0" teamAlias="CatCage (not aliasesd)" teamExternalId="1097" teamId="97" teamKey="1TEAM97" teamName="CatCage" teamSiteId="1" totalAttempts="0">
    <problemSummaryInfo attempts="0" index="1" isPending="false" isSolved="false" points="0" problemId="Hello World!--1978929096614483534" solutionTime="0" />
    <problemSummaryInfo attempts="1" index="2" isPending="false" isSolved="false" points="0" problemId="A+B problem--2140736868804579041" solutionTime="0" />
    <problemSummaryInfo attempts="0" index="3" isPending="false" isSolved="false" points="0" problemId="A-B problem--2187398123296398825" solutionTime="0" />
    <problemSummaryInfo attempts="0" index="4" isPending="false" isSolved="false" points="0" problemId="A^B problem-4810782198431166816" solutionTime="0" />
  </teamStanding>
  <teamStanding firstSolved="-1" index="10" lastSolved="0" points="0" problemsAttempted="0" rank="10" solved="1" teamAlias="CC (not aliasesd)" teamExternalId="1044" teamId="44" teamKey="1TEAM44" teamName="CC" teamSiteId="1" totalAttempts="0">
    <problemSummaryInfo attempts="0" index="1" isPending="false" isSolved="false" points="0" problemId="Hello World!--1978929096614483534" solutionTime="0" />
    <problemSummaryInfo attempts="0" index="2" isPending="false" isSolved="false" points="0" problemId="A+B problem--2140736868804579041" solutionTime="0" />
    <problemSummaryInfo attempts="0" index="3" isPending="false" isSolved="false" points="0" problemId="A-B problem--2187398123296398825" solutionTime="0" />
    <problemSummaryInfo attempts="1" index="4" isPending="false" isSolved="true" points="0" problemId="A^B problem-4810782198431166816" solutionTime="0" />
  </teamStanding>
  <teamStanding firstSolved="-1" index="55" lastSolved="0" points="0" problemsAttempted="0" rank="55" solved="0" teamAlias="challenge (not aliasesd)" teamExternalId="1119" teamId="119" teamKey="1TEAM119" teamName="challenge" teamSiteId="1" totalAttempts="0">
    <problemSummaryInfo attempts="0" index="1" isPending="false" isSolved="false" points="0" problemId="Hello World!--1978929096614483534" solutionTime="0" />
    <problemSummaryInfo attempts="0" index="2" isPending="false" isSolved="false" points="0" problemId="A+B problem--2140736868804579041" solutionTime="0" />
    <problemSummaryInfo attempts="0" index="3" isPending="false" isSolved="false" points="0" problemId="A-B problem--2187398123296398825" solutionTime="0" />
    <problemSummaryInfo attempts="0" index="4" isPending="false" isSolved="false" points="0" problemId="A^B problem-4810782198431166816" solutionTime="0" />
  </teamStanding>
  <teamStanding firstSolved="-1" index="56" lastSolved="0" points="0" problemsAttempted="0" rank="56" solved="0" teamAlias="cod (not aliasesd)" teamExternalId="1132" teamId="132" teamKey="1TEAM132" teamName="cod" teamSiteId="1" totalAttempts="0">
    <problemSummaryInfo attempts="0" index="1" isPending="false" isSolved="false" points="0" problemId="Hello World!--1978929096614483534" solutionTime="0" />
    <problemSummaryInfo attempts="0" index="2" isPending="false" isSolved="false" points="0" problemId="A+B problem--2140736868804579041" solutionTime="0" />
    <problemSummaryInfo attempts="0" index="3" isPending="false" isSolved="false" points="0" problemId="A-B problem--2187398123296398825" solutionTime="0" />
    <problemSummaryInfo attempts="0" index="4" isPending="false" isSolved="false" points="0" problemId="A^B problem-4810782198431166816" solutionTime="0" />
  </teamStanding>
  <teamStanding firstSolved="-1" index="57" lastSolved="0" points="0" problemsAttempted="0" rank="57" solved="0" teamAlias="CodeMind (not aliasesd)" teamExternalId="1034" teamId="34" teamKey="1TEAM34" teamName="CodeMind" teamSiteId="1" totalAttempts="0">
    <problemSummaryInfo attempts="0" index="1" isPending="false" isSolved="false" points="0" problemId="Hello World!--1978929096614483534" solutionTime="0" />
    <problemSummaryInfo attempts="0" index="2" isPending="false" isSolved="false" points="0" problemId="A+B problem--2140736868804579041" solutionTime="0" />
    <problemSummaryInfo attempts="0" index="3" isPending="false" isSolved="false" points="0" problemId="A-B problem--2187398123296398825" solutionTime="0" />
    <problemSummaryInfo attempts="0" index="4" isPending="false" isSolved="false" points="0" problemId="A^B problem-4810782198431166816" solutionTime="0" />
  </teamStanding>
  <teamStanding firstSolved="-1" index="58" lastSolved="0" points="0" problemsAttempted="0" rank="58" solved="0" teamAlias="Crazy Dream (not aliasesd)" teamExternalId="1103" teamId="103" teamKey="1TEAM103" teamName="Crazy Dream" teamSiteId="1" totalAttempts="0">
    <problemSummaryInfo attempts="0" index="1" isPending="false" isSolved="false" points="0" problemId="Hello World!--1978929096614483534" solutionTime="0" />
    <problemSummaryInfo attempts="1" index="2" isPending="true" isSolved="false" points="0" problemId="A+B problem--2140736868804579041" solutionTime="0" />
    <problemSummaryInfo attempts="0" index="3" isPending="false" isSolved="false" points="0" problemId="A-B problem--2187398123296398825" solutionTime="0" />
    <problemSummaryInfo attempts="0" index="4" isPending="false" isSolved="false" points="0" problemId="A^B problem-4810782198431166816" solutionTime="0" />
  </teamStanding>
  <teamStanding firstSolved="-1" index="59" lastSolved="0" points="0" problemsAttempted="0" rank="59" solved="0" teamAlias="D-Cul (not aliasesd)" teamExternalId="1106" teamId="106" teamKey="1TEAM106" teamName="D-Cul" teamSiteId="1" totalAttempts="0">
    <problemSummaryInfo attempts="0" index="1" isPending="false" isSolved="false" points="0" problemId="Hello World!--1978929096614483534" solutionTime="0" />
    <problemSummaryInfo attempts="0" index="2" isPending="false" isSolved="false" points="0" problemId="A+B problem--2140736868804579041" solutionTime="0" />
    <problemSummaryInfo attempts="0" index="3" isPending="false" isSolved="false" points="0" problemId="A-B problem--2187398123296398825" solutionTime="0" />
    <problemSummaryInfo attempts="0" index="4" isPending="false" isSolved="false" points="0" problemId="A^B problem-4810782198431166816" solutionTime="0" />
  </teamStanding>
  <teamStanding firstSolved="-1" index="11" lastSolved="0" points="0" problemsAttempted="0" rank="11" solved="1" teamAlias="deep blue (not aliasesd)" teamExternalId="1136" teamId="136" teamKey="1TEAM136" teamName="deep blue" teamSiteId="1" totalAttempts="0">
    <problemSummaryInfo attempts="0" index="1" isPending="false" isSolved="false" points="0" problemId="Hello World!--1978929096614483534" solutionTime="0" />
    <problemSummaryInfo attempts="0" index="2" isPending="false" isSolved="false" points="0" problemId="A+B problem--2140736868804579041" solutionTime="0" />
    <problemSummaryInfo attempts="0" index="3" isPending="false" isSolved="false" points="0" problemId="A-B problem--2187398123296398825" solutionTime="0" />
    <problemSummaryInfo attempts="1" index="4" isPending="false" isSolved="true" points="0" problemId="A^B problem-4810782198431166816" solutionTime="0" />
  </teamStanding>
  <teamStanding firstSolved="-1" index="60" lastSolved="0" points="0" problemsAttempted="0" rank="60" solved="0" teamAlias="Do_Your_Best (not aliasesd)" teamExternalId="1038" teamId="38" teamKey="1TEAM38" teamName="Do_Your_Best" teamSiteId="1" totalAttempts="0">
    <problemSummaryInfo attempts="0" index="1" isPending="false" isSolved="false" points="0" problemId="Hello World!--1978929096614483534" solutionTime="0" />
    <problemSummaryInfo attempts="0" index="2" isPending="false" isSolved="false" points="0" problemId="A+B problem--2140736868804579041" solutionTime="0" />
    <problemSummaryInfo attempts="0" index="3" isPending="false" isSolved="false" points="0" problemId="A-B problem--2187398123296398825" solutionTime="0" />
    <problemSummaryInfo attempts="0" index="4" isPending="false" isSolved="false" points="0" problemId="A^B problem-4810782198431166816" solutionTime="0" />
  </teamStanding>
  <teamStanding firstSolved="-1" index="61" lastSolved="0" points="0" problemsAttempted="0" rank="61" solved="0" teamAlias="dragon (not aliasesd)" teamExternalId="1009" teamId="9" teamKey="1TEAM9" teamName="dragon" teamSiteId="1" totalAttempts="0">
    <problemSummaryInfo attempts="0" index="1" isPending="false" isSolved="false" points="0" problemId="Hello World!--1978929096614483534" solutionTime="0" />
    <problemSummaryInfo attempts="0" index="2" isPending="false" isSolved="false" points="0" problemId="A+B problem--2140736868804579041" solutionTime="0" />
    <problemSummaryInfo attempts="0" index="3" isPending="false" isSolved="false" points="0" problemId="A-B problem--2187398123296398825" solutionTime="0" />
    <problemSummaryInfo attempts="0" index="4" isPending="false" isSolved="false" points="0" problemId="A^B problem-4810782198431166816" solutionTime="0" />
  </teamStanding>
  <teamStanding firstSolved="-1" index="62" lastSolved="0" points="0" problemsAttempted="0" rank="62" solved="0" teamAlias="Dreamtale (not aliasesd)" teamExternalId="1053" teamId="53" teamKey="1TEAM53" teamName="Dreamtale" teamSiteId="1" totalAttempts="0">
    <problemSummaryInfo attempts="0" index="1" isPending="false" isSolved="false" points="0" problemId="Hello World!--1978929096614483534" solutionTime="0" />
    <problemSummaryInfo attempts="0" index="2" isPending="false" isSolved="false" points="0" problemId="A+B problem--2140736868804579041" solutionTime="0" />
    <problemSummaryInfo attempts="0" index="3" isPending="false" isSolved="false" points="0" problemId="A-B problem--2187398123296398825" solutionTime="0" />
    <problemSummaryInfo attempts="0" index="4" isPending="false" isSolved="false" points="0" problemId="A^B problem-4810782198431166816" solutionTime="0" />
  </teamStanding>
  <teamStanding firstSolved="-1" index="63" lastSolved="0" points="0" problemsAttempted="0" rank="63" solved="0" teamAlias="duang (not aliasesd)" teamExternalId="1112" teamId="112" teamKey="1TEAM112" teamName="duang" teamSiteId="1" totalAttempts="0">
    <problemSummaryInfo attempts="0" index="1" isPending="false" isSolved="false" points="0" problemId="Hello World!--1978929096614483534" solutionTime="0" />
    <problemSummaryInfo attempts="0" index="2" isPending="false" isSolved="false" points="0" problemId="A+B problem--2140736868804579041" solutionTime="0" />
    <problemSummaryInfo attempts="0" index="3" isPending="false" isSolved="false" points="0" problemId="A-B problem--2187398123296398825" solutionTime="0" />
    <problemSummaryInfo attempts="0" index="4" isPending="false" isSolved="false" points="0" problemId="A^B problem-4810782198431166816" solutionTime="0" />
  </teamStanding>
  <teamStanding firstSolved="-1" index="64" lastSolved="0" points="0" problemsAttempted="0" rank="64" solved="0" teamAlias="DYS (not aliasesd)" teamExternalId="1008" teamId="8" teamKey="1TEAM8" teamName="DYS" teamSiteId="1" totalAttempts="0">
    <problemSummaryInfo attempts="0" index="1" isPending="false" isSolved="false" points="0" problemId="Hello World!--1978929096614483534" solutionTime="0" />
    <problemSummaryInfo attempts="1" index="2" isPending="true" isSolved="false" points="0" problemId="A+B problem--2140736868804579041" solutionTime="0" />
    <problemSummaryInfo attempts="0" index="3" isPending="false" isSolved="false" points="0" problemId="A-B problem--2187398123296398825" solutionTime="0" />
    <problemSummaryInfo attempts="0" index="4" isPending="false" isSolved="false" points="0" problemId="A^B problem-4810782198431166816" solutionTime="0" />
  </teamStanding>
  <teamStanding firstSolved="-1" index="65" lastSolved="0" points="0" problemsAttempted="0" rank="65" solved="0" teamAlias="eating sleeping bestcoder (not aliasesd)" teamExternalId="1020" teamId="20" teamKey="1TEAM20" teamName="eating sleeping bestcoder" teamSiteId="1" totalAttempts="0">
    <problemSummaryInfo attempts="0" index="1" isPending="false" isSolved="false" points="0" problemId="Hello World!--1978929096614483534" solutionTime="0" />
    <problemSummaryInfo attempts="0" index="2" isPending="false" isSolved="false" points="0" problemId="A+B problem--2140736868804579041" solutionTime="0" />
    <problemSummaryInfo attempts="0" index="3" isPending="false" isSolved="false" points="0" problemId="A-B problem--2187398123296398825" solutionTime="0" />
    <problemSummaryInfo attempts="0" index="4" isPending="false" isSolved="false" points="0" problemId="A^B problem-4810782198431166816" solutionTime="0" />
  </teamStanding>
  <teamStanding firstSolved="-1" index="66" lastSolved="0" points="0" problemsAttempted="0" rank="66" solved="0" teamAlias="English(null) (not aliasesd)" teamExternalId="1098" teamId="98" teamKey="1TEAM98" teamName="English(null)" teamSiteId="1" totalAttempts="0">
    <problemSummaryInfo attempts="0" index="1" isPending="false" isSolved="false" points="0" problemId="Hello World!--1978929096614483534" solutionTime="0" />
    <problemSummaryInfo attempts="1" index="2" isPending="true" isSolved="false" points="0" problemId="A+B problem--2140736868804579041" solutionTime="0" />
    <problemSummaryInfo attempts="0" index="3" isPending="false" isSolved="false" points="0" problemId="A-B problem--2187398123296398825" solutionTime="0" />
    <problemSummaryInfo attempts="0" index="4" isPending="false" isSolved="false" points="0" problemId="A^B problem-4810782198431166816" solutionTime="0" />
  </teamStanding>
  <teamStanding firstSolved="-1" index="67" lastSolved="0" points="0" problemsAttempted="0" rank="67" solved="0" teamAlias="Evolution Cyber (not aliasesd)" teamExternalId="1031" teamId="31" teamKey="1TEAM31" teamName="Evolution Cyber" teamSiteId="1" totalAttempts="0">
    <problemSummaryInfo attempts="0" index="1" isPending="false" isSolved="false" points="0" problemId="Hello World!--1978929096614483534" solutionTime="0" />
    <problemSummaryInfo attempts="1" index="2" isPending="false" isSolved="false" points="0" problemId="A+B problem--2140736868804579041" solutionTime="0" />
    <problemSummaryInfo attempts="0" index="3" isPending="false" isSolved="false" points="0" problemId="A-B problem--2187398123296398825" solutionTime="0" />
    <problemSummaryInfo attempts="0" index="4" isPending="false" isSolved="false" points="0" problemId="A^B problem-4810782198431166816" solutionTime="0" />
  </teamStanding>
  <teamStanding firstSolved="-1" index="68" lastSolved="0" points="0" problemsAttempted="0" rank="68" solved="0" teamAlias="Flyme (not aliasesd)" teamExternalId="1108" teamId="108" teamKey="1TEAM108" teamName="Flyme" teamSiteId="1" totalAttempts="0">
    <problemSummaryInfo attempts="0" index="1" isPending="false" isSolved="false" points="0" problemId="Hello World!--1978929096614483534" solutionTime="0" />
    <problemSummaryInfo attempts="1" index="2" isPending="true" isSolved="false" points="0" problemId="A+B problem--2140736868804579041" solutionTime="0" />
    <problemSummaryInfo attempts="0" index="3" isPending="false" isSolved="false" points="0" problemId="A-B problem--2187398123296398825" solutionTime="0" />
    <problemSummaryInfo attempts="2" index="4" isPending="false" isSolved="false" points="0" problemId="A^B problem-4810782198431166816" solutionTime="0" />
  </teamStanding>
  <teamStanding firstSolved="-1" index="69" lastSolved="0" points="0" problemsAttempted="0" rank="69" solved="0" teamAlias="For the Dream (not aliasesd)" teamExternalId="1073" teamId="73" teamKey="1TEAM73" teamName="For the Dream" teamSiteId="1" totalAttempts="0">
    <problemSummaryInfo attempts="0" index="1" isPending="false" isSolved="false" points="0" problemId="Hello World!--1978929096614483534" solutionTime="0" />
    <problemSummaryInfo attempts="1" index="2" isPending="false" isSolved="false" points="0" problemId="A+B problem--2140736868804579041" solutionTime="0" />
    <problemSummaryInfo attempts="0" index="3" isPending="false" isSolved="false" points="0" problemId="A-B problem--2187398123296398825" solutionTime="0" />
    <problemSummaryInfo attempts="0" index="4" isPending="false" isSolved="false" points="0" problemId="A^B problem-4810782198431166816" solutionTime="0" />
  </teamStanding>
  <teamStanding firstSolved="-1" index="70" lastSolved="0" points="0" problemsAttempted="0" rank="70" solved="0" teamAlias="freshman (not aliasesd)" teamExternalId="1033" teamId="33" teamKey="1TEAM33" teamName="freshman" teamSiteId="1" totalAttempts="0">
    <problemSummaryInfo attempts="0" index="1" isPending="false" isSolved="false" points="0" problemId="Hello World!--1978929096614483534" solutionTime="0" />
    <problemSummaryInfo attempts="0" index="2" isPending="false" isSolved="false" points="0" problemId="A+B problem--2140736868804579041" solutionTime="0" />
    <problemSummaryInfo attempts="0" index="3" isPending="false" isSolved="false" points="0" problemId="A-B problem--2187398123296398825" solutionTime="0" />
    <problemSummaryInfo attempts="0" index="4" isPending="false" isSolved="false" points="0" problemId="A^B problem-4810782198431166816" solutionTime="0" />
  </teamStanding>
  <teamStanding firstSolved="-1" index="71" lastSolved="0" points="0" problemsAttempted="0" rank="71" solved="0" teamAlias="Green Hand (not aliasesd)" teamExternalId="1057" teamId="57" teamKey="1TEAM57" teamName="Green Hand" teamSiteId="1" totalAttempts="0">
    <problemSummaryInfo attempts="0" index="1" isPending="false" isSolved="false" points="0" problemId="Hello World!--1978929096614483534" solutionTime="0" />
    <problemSummaryInfo attempts="0" index="2" isPending="false" isSolved="false" points="0" problemId="A+B problem--2140736868804579041" solutionTime="0" />
    <problemSummaryInfo attempts="0" index="3" isPending="false" isSolved="false" points="0" problemId="A-B problem--2187398123296398825" solutionTime="0" />
    <problemSummaryInfo attempts="0" index="4" isPending="false" isSolved="false" points="0" problemId="A^B problem-4810782198431166816" solutionTime="0" />
  </teamStanding>
  <teamStanding firstSolved="-1" index="72" lastSolved="0" points="0" problemsAttempted="0" rank="72" solved="0" teamAlias="growing trees (not aliasesd)" teamExternalId="1012" teamId="12" teamKey="1TEAM12" teamName="growing trees" teamSiteId="1" totalAttempts="0">
    <problemSummaryInfo attempts="0" index="1" isPending="false" isSolved="false" points="0" problemId="Hello World!--1978929096614483534" solutionTime="0" />
    <problemSummaryInfo attempts="0" index="2" isPending="false" isSolved="false" points="0" problemId="A+B problem--2140736868804579041" solutionTime="0" />
    <problemSummaryInfo attempts="0" index="3" isPending="false" isSolved="false" points="0" problemId="A-B problem--2187398123296398825" solutionTime="0" />
    <problemSummaryInfo attempts="0" index="4" isPending="false" isSolved="false" points="0" problemId="A^B problem-4810782198431166816" solutionTime="0" />
  </teamStanding>
  <teamStanding firstSolved="-1" index="73" lastSolved="0" points="0" problemsAttempted="0" rank="73" solved="0" teamAlias="HCILY (not aliasesd)" teamExternalId="1006" teamId="6" teamKey="1TEAM6" teamName="HCILY" teamSiteId="1" totalAttempts="0">
    <problemSummaryInfo attempts="0" index="1" isPending="false" isSolved="false" points="0" problemId="Hello World!--1978929096614483534" solutionTime="0" />
    <problemSummaryInfo attempts="0" index="2" isPending="false" isSolved="false" points="0" problemId="A+B problem--2140736868804579041" solutionTime="0" />
    <problemSummaryInfo attempts="0" index="3" isPending="false" isSolved="false" points="0" problemId="A-B problem--2187398123296398825" solutionTime="0" />
    <problemSummaryInfo attempts="0" index="4" isPending="false" isSolved="false" points="0" problemId="A^B problem-4810782198431166816" solutionTime="0" />
  </teamStanding>
  <teamStanding firstSolved="-1" index="74" lastSolved="0" points="0" problemsAttempted="0" rank="74" solved="0" teamAlias="Heat (not aliasesd)" teamExternalId="1028" teamId="28" teamKey="1TEAM28" teamName="Heat" teamSiteId="1" totalAttempts="0">
    <problemSummaryInfo attempts="0" index="1" isPending="false" isSolved="false" points="0" problemId="Hello World!--1978929096614483534" solutionTime="0" />
    <problemSummaryInfo attempts="0" index="2" isPending="false" isSolved="false" points="0" problemId="A+B problem--2140736868804579041" solutionTime="0" />
    <problemSummaryInfo attempts="0" index="3" isPending="false" isSolved="false" points="0" problemId="A-B problem--2187398123296398825" solutionTime="0" />
    <problemSummaryInfo attempts="0" index="4" isPending="false" isSolved="false" points="0" problemId="A^B problem-4810782198431166816" solutionTime="0" />
  </teamStanding>
  <teamStanding firstSolved="-1" index="75" lastSolved="0" points="0" problemsAttempted="0" rank="75" solved="0" teamAlias="Hello World (not aliasesd)" teamExternalId="1085" teamId="85" teamKey="1TEAM85" teamName="Hello World" teamSiteId="1" totalAttempts="0">
    <problemSummaryInfo attempts="1" index="1" isPending="false" isSolved="false" points="0" problemId="Hello World!--1978929096614483534" solutionTime="0" />
    <problemSummaryInfo attempts="0" index="2" isPending="false" isSolved="false" points="0" problemId="A+B problem--2140736868804579041" solutionTime="0" />
    <problemSummaryInfo attempts="0" index="3" isPending="false" isSolved="false" points="0" problemId="A-B problem--2187398123296398825" solutionTime="0" />
    <problemSummaryInfo attempts="0" index="4" isPending="false" isSolved="false" points="0" problemId="A^B problem-4810782198431166816" solutionTime="0" />
  </teamStanding>
  <teamStanding firstSolved="-1" index="76" lastSolved="0" points="0" problemsAttempted="0" rank="76" solved="0" teamAlias="hermit (not aliasesd)" teamExternalId="1128" teamId="128" teamKey="1TEAM128" teamName="hermit" teamSiteId="1" totalAttempts="0">
    <problemSummaryInfo attempts="0" index="1" isPending="false" isSolved="false" points="0" problemId="Hello World!--1978929096614483534" solutionTime="0" />
    <problemSummaryInfo attempts="0" index="2" isPending="false" isSolved="false" points="0" problemId="A+B problem--2140736868804579041" solutionTime="0" />
    <problemSummaryInfo attempts="0" index="3" isPending="false" isSolved="false" points="0" problemId="A-B problem--2187398123296398825" solutionTime="0" />
    <problemSummaryInfo attempts="0" index="4" isPending="false" isSolved="false" points="0" problemId="A^B problem-4810782198431166816" solutionTime="0" />
  </teamStanding>
  <teamStanding firstSolved="-1" index="77" lastSolved="0" points="0" problemsAttempted="0" rank="77" solved="0" teamAlias="Hope of the star(Hots) (not aliasesd)" teamExternalId="1037" teamId="37" teamKey="1TEAM37" teamName="Hope of the star(Hots)" teamSiteId="1" totalAttempts="0">
    <problemSummaryInfo attempts="0" index="1" isPending="false" isSolved="false" points="0" problemId="Hello World!--1978929096614483534" solutionTime="0" />
    <problemSummaryInfo attempts="0" index="2" isPending="false" isSolved="false" points="0" problemId="A+B problem--2140736868804579041" solutionTime="0" />
    <problemSummaryInfo attempts="0" index="3" isPending="false" isSolved="false" points="0" problemId="A-B problem--2187398123296398825" solutionTime="0" />
    <problemSummaryInfo attempts="0" index="4" isPending="false" isSolved="false" points="0" problemId="A^B problem-4810782198431166816" solutionTime="0" />
  </teamStanding>
  <teamStanding firstSolved="-1" index="12" lastSolved="0" points="0" problemsAttempted="0" rank="12" solved="1" teamAlias="hunewearl (not aliasesd)" teamExternalId="1061" teamId="61" teamKey="1TEAM61" teamName="hunewearl" teamSiteId="1" totalAttempts="0">
    <problemSummaryInfo attempts="0" index="1" isPending="false" isSolved="false" points="0" problemId="Hello World!--1978929096614483534" solutionTime="0" />
    <problemSummaryInfo attempts="1" index="2" isPending="true" isSolved="false" points="0" problemId="A+B problem--2140736868804579041" solutionTime="0" />
    <problemSummaryInfo attempts="1" index="3" isPending="false" isSolved="true" points="0" problemId="A-B problem--2187398123296398825" solutionTime="0" />
    <problemSummaryInfo attempts="0" index="4" isPending="false" isSolved="false" points="0" problemId="A^B problem-4810782198431166816" solutionTime="0" />
  </teamStanding>
  <teamStanding firstSolved="-1" index="78" lastSolved="0" points="0" problemsAttempted="0" rank="78" solved="0" teamAlias="IBN5100 (not aliasesd)" teamExternalId="1133" teamId="133" teamKey="1TEAM133" teamName="IBN5100" teamSiteId="1" totalAttempts="0">
    <problemSummaryInfo attempts="0" index="1" isPending="false" isSolved="false" points="0" problemId="Hello World!--1978929096614483534" solutionTime="0" />
    <problemSummaryInfo attempts="0" index="2" isPending="false" isSolved="false" points="0" problemId="A+B problem--2140736868804579041" solutionTime="0" />
    <problemSummaryInfo attempts="0" index="3" isPending="false" isSolved="false" points="0" problemId="A-B problem--2187398123296398825" solutionTime="0" />
    <problemSummaryInfo attempts="0" index="4" isPending="false" isSolved="false" points="0" problemId="A^B problem-4810782198431166816" solutionTime="0" />
  </teamStanding>
  <teamStanding firstSolved="-1" index="79" lastSolved="0" points="0" problemsAttempted="0" rank="79" solved="0" teamAlias="Immortals (not aliasesd)" teamExternalId="1120" teamId="120" teamKey="1TEAM120" teamName="Immortals" teamSiteId="1" totalAttempts="0">
    <problemSummaryInfo attempts="0" index="1" isPending="false" isSolved="false" points="0" problemId="Hello World!--1978929096614483534" solutionTime="0" />
    <problemSummaryInfo attempts="0" index="2" isPending="false" isSolved="false" points="0" problemId="A+B problem--2140736868804579041" solutionTime="0" />
    <problemSummaryInfo attempts="0" index="3" isPending="false" isSolved="false" points="0" problemId="A-B problem--2187398123296398825" solutionTime="0" />
    <problemSummaryInfo attempts="0" index="4" isPending="false" isSolved="false" points="0" problemId="A^B problem-4810782198431166816" solutionTime="0" />
  </teamStanding>
  <teamStanding firstSolved="-1" index="80" lastSolved="0" points="0" problemsAttempted="0" rank="80" solved="0" teamAlias="Insist There Is Hope (not aliasesd)" teamExternalId="1050" teamId="50" teamKey="1TEAM50" teamName="Insist There Is Hope" teamSiteId="1" totalAttempts="0">
    <problemSummaryInfo attempts="0" index="1" isPending="false" isSolved="false" points="0" problemId="Hello World!--1978929096614483534" solutionTime="0" />
    <problemSummaryInfo attempts="0" index="2" isPending="false" isSolved="false" points="0" problemId="A+B problem--2140736868804579041" solutionTime="0" />
    <problemSummaryInfo attempts="0" index="3" isPending="false" isSolved="false" points="0" problemId="A-B problem--2187398123296398825" solutionTime="0" />
    <problemSummaryInfo attempts="0" index="4" isPending="false" isSolved="false" points="0" problemId="A^B problem-4810782198431166816" solutionTime="0" />
  </teamStanding>
  <teamStanding firstSolved="-1" index="81" lastSolved="0" points="0" problemsAttempted="0" rank="81" solved="0" teamAlias="Jing Jing (not aliasesd)" teamExternalId="1076" teamId="76" teamKey="1TEAM76" teamName="Jing Jing" teamSiteId="1" totalAttempts="0">
    <problemSummaryInfo attempts="0" index="1" isPending="false" isSolved="false" points="0" problemId="Hello World!--1978929096614483534" solutionTime="0" />
    <problemSummaryInfo attempts="0" index="2" isPending="false" isSolved="false" points="0" problemId="A+B problem--2140736868804579041" solutionTime="0" />
    <problemSummaryInfo attempts="0" index="3" isPending="false" isSolved="false" points="0" problemId="A-B problem--2187398123296398825" solutionTime="0" />
    <problemSummaryInfo attempts="0" index="4" isPending="false" isSolved="false" points="0" problemId="A^B problem-4810782198431166816" solutionTime="0" />
  </teamStanding>
  <teamStanding firstSolved="-1" index="82" lastSolved="0" points="0" problemsAttempted="0" rank="82" solved="0" teamAlias="Just play (not aliasesd)" teamExternalId="1058" teamId="58" teamKey="1TEAM58" teamName="Just play" teamSiteId="1" totalAttempts="0">
    <problemSummaryInfo attempts="0" index="1" isPending="false" isSolved="false" points="0" problemId="Hello World!--1978929096614483534" solutionTime="0" />
    <problemSummaryInfo attempts="0" index="2" isPending="false" isSolved="false" points="0" problemId="A+B problem--2140736868804579041" solutionTime="0" />
    <problemSummaryInfo attempts="0" index="3" isPending="false" isSolved="false" points="0" problemId="A-B problem--2187398123296398825" solutionTime="0" />
    <problemSummaryInfo attempts="0" index="4" isPending="false" isSolved="false" points="0" problemId="A^B problem-4810782198431166816" solutionTime="0" />
  </teamStanding>
  <teamStanding firstSolved="-1" index="13" lastSolved="0" points="0" problemsAttempted="0" rank="13" solved="1" teamAlias="L1 (not aliasesd)" teamExternalId="1134" teamId="134" teamKey="1TEAM134" teamName="L1" teamSiteId="1" totalAttempts="0">
    <problemSummaryInfo attempts="1" index="1" isPending="false" isSolved="true" points="0" problemId="Hello World!--1978929096614483534" solutionTime="0" />
    <problemSummaryInfo attempts="0" index="2" isPending="false" isSolved="false" points="0" problemId="A+B problem--2140736868804579041" solutionTime="0" />
    <problemSummaryInfo attempts="0" index="3" isPending="false" isSolved="false" points="0" problemId="A-B problem--2187398123296398825" solutionTime="0" />
    <problemSummaryInfo attempts="0" index="4" isPending="false" isSolved="false" points="0" problemId="A^B problem-4810782198431166816" solutionTime="0" />
  </teamStanding>
  <teamStanding firstSolved="-1" index="83" lastSolved="0" points="0" problemsAttempted="0" rank="83" solved="0" teamAlias="L2 (not aliasesd)" teamExternalId="1075" teamId="75" teamKey="1TEAM75" teamName="L2" teamSiteId="1" totalAttempts="0">
    <problemSummaryInfo attempts="0" index="1" isPending="false" isSolved="false" points="0" problemId="Hello World!--1978929096614483534" solutionTime="0" />
    <problemSummaryInfo attempts="0" index="2" isPending="false" isSolved="false" points="0" problemId="A+B problem--2140736868804579041" solutionTime="0" />
    <problemSummaryInfo attempts="1" index="3" isPending="false" isSolved="false" points="0" problemId="A-B problem--2187398123296398825" solutionTime="0" />
    <problemSummaryInfo attempts="0" index="4" isPending="false" isSolved="false" points="0" problemId="A^B problem-4810782198431166816" solutionTime="0" />
  </teamStanding>
  <teamStanding firstSolved="-1" index="84" lastSolved="0" points="0" problemsAttempted="0" rank="84" solved="0" teamAlias="Lancer (not aliasesd)" teamExternalId="1116" teamId="116" teamKey="1TEAM116" teamName="Lancer" teamSiteId="1" totalAttempts="0">
    <problemSummaryInfo attempts="0" index="1" isPending="false" isSolved="false" points="0" problemId="Hello World!--1978929096614483534" solutionTime="0" />
    <problemSummaryInfo attempts="0" index="2" isPending="false" isSolved="false" points="0" problemId="A+B problem--2140736868804579041" solutionTime="0" />
    <problemSummaryInfo attempts="0" index="3" isPending="false" isSolved="false" points="0" problemId="A-B problem--2187398123296398825" solutionTime="0" />
    <problemSummaryInfo attempts="0" index="4" isPending="false" isSolved="false" points="0" problemId="A^B problem-4810782198431166816" solutionTime="0" />
  </teamStanding>
  <teamStanding firstSolved="-1" index="85" lastSolved="0" points="0" problemsAttempted="2" rank="85" solved="0" teamAlias="Main (not aliasesd)" teamExternalId="1081" teamId="81" teamKey="1TEAM81" teamName="Main" teamSiteId="1" totalAttempts="4">
    <problemSummaryInfo attempts="3" index="1" isPending="true" isSolved="false" points="0" problemId="Hello World!--1978929096614483534" solutionTime="-1" />
    <problemSummaryInfo attempts="0" index="2" isPending="false" isSolved="false" points="0" problemId="A+B problem--2140736868804579041" solutionTime="0" />
    <problemSummaryInfo attempts="1" index="3" isPending="true" isSolved="false" points="0" problemId="A-B problem--2187398123296398825" solutionTime="-1" />
    <problemSummaryInfo attempts="0" index="4" isPending="false" isSolved="false" points="0" problemId="A^B problem-4810782198431166816" solutionTime="0" />
  </teamStanding>
  <teamStanding firstSolved="-1" index="86" lastSolved="0" points="0" problemsAttempted="0" rank="86" solved="0" teamAlias="maker (not aliasesd)" teamExternalId="1090" teamId="90" teamKey="1TEAM90" teamName="maker" teamSiteId="1" totalAttempts="0">
    <problemSummaryInfo attempts="0" index="1" isPending="false" isSolved="false" points="0" problemId="Hello World!--1978929096614483534" solutionTime="0" />
    <problemSummaryInfo attempts="0" index="2" isPending="false" isSolved="false" points="0" problemId="A+B problem--2140736868804579041" solutionTime="0" />
    <problemSummaryInfo attempts="1" index="3" isPending="true" isSolved="false" points="0" problemId="A-B problem--2187398123296398825" solutionTime="0" />
    <problemSummaryInfo attempts="0" index="4" isPending="false" isSolved="false" points="0" problemId="A^B problem-4810782198431166816" solutionTime="0" />
  </teamStanding>
  <teamStanding firstSolved="-1" index="87" lastSolved="0" points="0" problemsAttempted="0" rank="87" solved="0" teamAlias="mengdada's apple tree (not aliasesd)" teamExternalId="1126" teamId="126" teamKey="1TEAM126" teamName="mengdada's apple tree" teamSiteId="1" totalAttempts="0">
    <problemSummaryInfo attempts="0" index="1" isPending="false" isSolved="false" points="0" problemId="Hello World!--1978929096614483534" solutionTime="0" />
    <problemSummaryInfo attempts="0" index="2" isPending="false" isSolved="false" points="0" problemId="A+B problem--2140736868804579041" solutionTime="0" />
    <problemSummaryInfo attempts="0" index="3" isPending="false" isSolved="false" points="0" problemId="A-B problem--2187398123296398825" solutionTime="0" />
    <problemSummaryInfo attempts="0" index="4" isPending="false" isSolved="false" points="0" problemId="A^B problem-4810782198431166816" solutionTime="0" />
  </teamStanding>
  <teamStanding firstSolved="-1" index="14" lastSolved="0" points="0" problemsAttempted="0" rank="14" solved="1" teamAlias="Minecraft (not aliasesd)" teamExternalId="1084" teamId="84" teamKey="1TEAM84" teamName="Minecraft" teamSiteId="1" totalAttempts="0">
    <problemSummaryInfo attempts="1" index="1" isPending="false" isSolved="true" points="0" problemId="Hello World!--1978929096614483534" solutionTime="0" />
    <problemSummaryInfo attempts="0" index="2" isPending="false" isSolved="false" points="0" problemId="A+B problem--2140736868804579041" solutionTime="0" />
    <problemSummaryInfo attempts="1" index="3" isPending="true" isSolved="false" points="0" problemId="A-B problem--2187398123296398825" solutionTime="0" />
    <problemSummaryInfo attempts="0" index="4" isPending="false" isSolved="false" points="0" problemId="A^B problem-4810782198431166816" solutionTime="0" />
  </teamStanding>
  <teamStanding firstSolved="-1" index="15" lastSolved="0" points="0" problemsAttempted="0" rank="15" solved="1" teamAlias="Natural Dull (not aliasesd)" teamExternalId="1101" teamId="101" teamKey="1TEAM101" teamName="Natural Dull" teamSiteId="1" totalAttempts="0">
    <problemSummaryInfo attempts="0" index="1" isPending="false" isSolved="false" points="0" problemId="Hello World!--1978929096614483534" solutionTime="0" />
    <problemSummaryInfo attempts="0" index="2" isPending="false" isSolved="false" points="0" problemId="A+B problem--2140736868804579041" solutionTime="0" />
    <problemSummaryInfo attempts="1" index="3" isPending="false" isSolved="true" points="0" problemId="A-B problem--2187398123296398825" solutionTime="0" />
    <problemSummaryInfo attempts="0" index="4" isPending="false" isSolved="false" points="0" problemId="A^B problem-4810782198431166816" solutionTime="0" />
  </teamStanding>
  <teamStanding firstSolved="-1" index="88" lastSolved="0" points="0" problemsAttempted="0" rank="88" solved="0" teamAlias="Never_Give_up (not aliasesd)" teamExternalId="1117" teamId="117" teamKey="1TEAM117" teamName="Never_Give_up" teamSiteId="1" totalAttempts="0">
    <problemSummaryInfo attempts="0" index="1" isPending="false" isSolved="false" points="0" problemId="Hello World!--1978929096614483534" solutionTime="0" />
    <problemSummaryInfo attempts="0" index="2" isPending="false" isSolved="false" points="0" problemId="A+B problem--2140736868804579041" solutionTime="0" />
    <problemSummaryInfo attempts="0" index="3" isPending="false" isSolved="false" points="0" problemId="A-B problem--2187398123296398825" solutionTime="0" />
    <problemSummaryInfo attempts="0" index="4" isPending="false" isSolved="false" points="0" problemId="A^B problem-4810782198431166816" solutionTime="0" />
  </teamStanding>
  <teamStanding firstSolved="-1" index="16" lastSolved="0" points="0" problemsAttempted="0" rank="16" solved="1" teamAlias="nicofish (not aliasesd)" teamExternalId="1113" teamId="113" teamKey="1TEAM113" teamName="nicofish" teamSiteId="1" totalAttempts="0">
    <problemSummaryInfo attempts="1" index="1" isPending="true" isSolved="false" points="0" problemId="Hello World!--1978929096614483534" solutionTime="0" />
    <problemSummaryInfo attempts="1" index="2" isPending="false" isSolved="true" points="0" problemId="A+B problem--2140736868804579041" solutionTime="0" />
    <problemSummaryInfo attempts="0" index="3" isPending="false" isSolved="false" points="0" problemId="A-B problem--2187398123296398825" solutionTime="0" />
    <problemSummaryInfo attempts="0" index="4" isPending="false" isSolved="false" points="0" problemId="A^B problem-4810782198431166816" solutionTime="0" />
  </teamStanding>
  <teamStanding firstSolved="-1" index="89" lastSolved="0" points="0" problemsAttempted="0" rank="89" solved="0" teamAlias="NICOPOIDUANG (not aliasesd)" teamExternalId="1041" teamId="41" teamKey="1TEAM41" teamName="NICOPOIDUANG" teamSiteId="1" totalAttempts="0">
    <problemSummaryInfo attempts="0" index="1" isPending="false" isSolved="false" points="0" problemId="Hello World!--1978929096614483534" solutionTime="0" />
    <problemSummaryInfo attempts="0" index="2" isPending="false" isSolved="false" points="0" problemId="A+B problem--2140736868804579041" solutionTime="0" />
    <problemSummaryInfo attempts="0" index="3" isPending="false" isSolved="false" points="0" problemId="A-B problem--2187398123296398825" solutionTime="0" />
    <problemSummaryInfo attempts="0" index="4" isPending="false" isSolved="false" points="0" problemId="A^B problem-4810782198431166816" solutionTime="0" />
  </teamStanding>
  <teamStanding firstSolved="-1" index="90" lastSolved="0" points="0" problemsAttempted="0" rank="90" solved="0" teamAlias="No name without prize (not aliasesd)" teamExternalId="1062" teamId="62" teamKey="1TEAM62" teamName="No name without prize" teamSiteId="1" totalAttempts="0">
    <problemSummaryInfo attempts="0" index="1" isPending="false" isSolved="false" points="0" problemId="Hello World!--1978929096614483534" solutionTime="0" />
    <problemSummaryInfo attempts="0" index="2" isPending="false" isSolved="false" points="0" problemId="A+B problem--2140736868804579041" solutionTime="0" />
    <problemSummaryInfo attempts="0" index="3" isPending="false" isSolved="false" points="0" problemId="A-B problem--2187398123296398825" solutionTime="0" />
    <problemSummaryInfo attempts="0" index="4" isPending="false" isSolved="false" points="0" problemId="A^B problem-4810782198431166816" solutionTime="0" />
  </teamStanding>
  <teamStanding firstSolved="-1" index="91" lastSolved="0" points="0" problemsAttempted="0" rank="91" solved="0" teamAlias="NullPoint (not aliasesd)" teamExternalId="1086" teamId="86" teamKey="1TEAM86" teamName="NullPoint" teamSiteId="1" totalAttempts="0">
    <problemSummaryInfo attempts="0" index="1" isPending="false" isSolved="false" points="0" problemId="Hello World!--1978929096614483534" solutionTime="0" />
    <problemSummaryInfo attempts="1" index="2" isPending="false" isSolved="false" points="0" problemId="A+B problem--2140736868804579041" solutionTime="0" />
    <problemSummaryInfo attempts="0" index="3" isPending="false" isSolved="false" points="0" problemId="A-B problem--2187398123296398825" solutionTime="0" />
    <problemSummaryInfo attempts="1" index="4" isPending="true" isSolved="false" points="0" problemId="A^B problem-4810782198431166816" solutionTime="0" />
  </teamStanding>
  <teamStanding firstSolved="-1" index="92" lastSolved="0" points="0" problemsAttempted="0" rank="92" solved="0" teamAlias="Old Altars (not aliasesd)" teamExternalId="1013" teamId="13" teamKey="1TEAM13" teamName="Old Altars" teamSiteId="1" totalAttempts="0">
    <problemSummaryInfo attempts="0" index="1" isPending="false" isSolved="false" points="0" problemId="Hello World!--1978929096614483534" solutionTime="0" />
    <problemSummaryInfo attempts="0" index="2" isPending="false" isSolved="false" points="0" problemId="A+B problem--2140736868804579041" solutionTime="0" />
    <problemSummaryInfo attempts="0" index="3" isPending="false" isSolved="false" points="0" problemId="A-B problem--2187398123296398825" solutionTime="0" />
    <problemSummaryInfo attempts="1" index="4" isPending="false" isSolved="false" points="0" problemId="A^B problem-4810782198431166816" solutionTime="0" />
  </teamStanding>
  <teamStanding firstSolved="-1" index="93" lastSolved="0" points="0" problemsAttempted="0" rank="93" solved="0" teamAlias="on my way (not aliasesd)" teamExternalId="1102" teamId="102" teamKey="1TEAM102" teamName="on my way" teamSiteId="1" totalAttempts="0">
    <problemSummaryInfo attempts="0" index="1" isPending="false" isSolved="false" points="0" problemId="Hello World!--1978929096614483534" solutionTime="0" />
    <problemSummaryInfo attempts="0" index="2" isPending="false" isSolved="false" points="0" problemId="A+B problem--2140736868804579041" solutionTime="0" />
    <problemSummaryInfo attempts="1" index="3" isPending="true" isSolved="false" points="0" problemId="A-B problem--2187398123296398825" solutionTime="0" />
    <problemSummaryInfo attempts="0" index="4" isPending="false" isSolved="false" points="0" problemId="A^B problem-4810782198431166816" solutionTime="0" />
  </teamStanding>
  <teamStanding firstSolved="-1" index="94" lastSolved="0" points="0" problemsAttempted="0" rank="94" solved="0" teamAlias="OUC_Analyse (not aliasesd)" teamExternalId="1115" teamId="115" teamKey="1TEAM115" teamName="OUC_Analyse" teamSiteId="1" totalAttempts="0">
    <problemSummaryInfo attempts="0" index="1" isPending="false" isSolved="false" points="0" problemId="Hello World!--1978929096614483534" solutionTime="0" />
    <problemSummaryInfo attempts="0" index="2" isPending="false" isSolved="false" points="0" problemId="A+B problem--2140736868804579041" solutionTime="0" />
    <problemSummaryInfo attempts="0" index="3" isPending="false" isSolved="false" points="0" problemId="A-B problem--2187398123296398825" solutionTime="0" />
    <problemSummaryInfo attempts="0" index="4" isPending="false" isSolved="false" points="0" problemId="A^B problem-4810782198431166816" solutionTime="0" />
  </teamStanding>
  <teamStanding firstSolved="-1" index="17" lastSolved="0" points="0" problemsAttempted="0" rank="17" solved="1" teamAlias="OUC_Duang (not aliasesd)" teamExternalId="1074" teamId="74" teamKey="1TEAM74" teamName="OUC_Duang" teamSiteId="1" totalAttempts="0">
    <problemSummaryInfo attempts="1" index="1" isPending="false" isSolved="true" points="0" problemId="Hello World!--1978929096614483534" solutionTime="0" />
    <problemSummaryInfo attempts="0" index="2" isPending="false" isSolved="false" points="0" problemId="A+B problem--2140736868804579041" solutionTime="0" />
    <problemSummaryInfo attempts="0" index="3" isPending="false" isSolved="false" points="0" problemId="A-B problem--2187398123296398825" solutionTime="0" />
    <problemSummaryInfo attempts="0" index="4" isPending="false" isSolved="false" points="0" problemId="A^B problem-4810782198431166816" solutionTime="0" />
  </teamStanding>
  <teamStanding firstSolved="-1" index="95" lastSolved="0" points="0" problemsAttempted="0" rank="95" solved="0" teamAlias="Ouroboros (not aliasesd)" teamExternalId="1083" teamId="83" teamKey="1TEAM83" teamName="Ouroboros" teamSiteId="1" totalAttempts="0">
    <problemSummaryInfo attempts="1" index="1" isPending="false" isSolved="false" points="0" problemId="Hello World!--1978929096614483534" solutionTime="0" />
    <problemSummaryInfo attempts="0" index="2" isPending="false" isSolved="false" points="0" problemId="A+B problem--2140736868804579041" solutionTime="0" />
    <problemSummaryInfo attempts="0" index="3" isPending="false" isSolved="false" points="0" problemId="A-B problem--2187398123296398825" solutionTime="0" />
    <problemSummaryInfo attempts="0" index="4" isPending="false" isSolved="false" points="0" problemId="A^B problem-4810782198431166816" solutionTime="0" />
  </teamStanding>
  <teamStanding firstSolved="-1" index="18" lastSolved="0" points="0" problemsAttempted="0" rank="18" solved="1" teamAlias="Overflow (not aliasesd)" teamExternalId="1016" teamId="16" teamKey="1TEAM16" teamName="Overflow" teamSiteId="1" totalAttempts="0">
    <problemSummaryInfo attempts="1" index="1" isPending="false" isSolved="true" points="0" problemId="Hello World!--1978929096614483534" solutionTime="0" />
    <problemSummaryInfo attempts="0" index="2" isPending="false" isSolved="false" points="0" problemId="A+B problem--2140736868804579041" solutionTime="0" />
    <problemSummaryInfo attempts="0" index="3" isPending="false" isSolved="false" points="0" problemId="A-B problem--2187398123296398825" solutionTime="0" />
    <problemSummaryInfo attempts="0" index="4" isPending="false" isSolved="false" points="0" problemId="A^B problem-4810782198431166816" solutionTime="0" />
  </teamStanding>
  <teamStanding firstSolved="-1" index="96" lastSolved="0" points="0" problemsAttempted="0" rank="96" solved="0" teamAlias="Pathfinder (not aliasesd)" teamExternalId="1072" teamId="72" teamKey="1TEAM72" teamName="Pathfinder" teamSiteId="1" totalAttempts="0">
    <problemSummaryInfo attempts="0" index="1" isPending="false" isSolved="false" points="0" problemId="Hello World!--1978929096614483534" solutionTime="0" />
    <problemSummaryInfo attempts="0" index="2" isPending="false" isSolved="false" points="0" problemId="A+B problem--2140736868804579041" solutionTime="0" />
    <problemSummaryInfo attempts="0" index="3" isPending="false" isSolved="false" points="0" problemId="A-B problem--2187398123296398825" solutionTime="0" />
    <problemSummaryInfo attempts="0" index="4" isPending="false" isSolved="false" points="0" problemId="A^B problem-4810782198431166816" solutionTime="0" />
  </teamStanding>
  <teamStanding firstSolved="-1" index="97" lastSolved="0" points="0" problemsAttempted="0" rank="97" solved="0" teamAlias="poipoipo (not aliasesd)" teamExternalId="1017" teamId="17" teamKey="1TEAM17" teamName="poipoipo" teamSiteId="1" totalAttempts="0">
    <problemSummaryInfo attempts="0" index="1" isPending="false" isSolved="false" points="0" problemId="Hello World!--1978929096614483534" solutionTime="0" />
    <problemSummaryInfo attempts="0" index="2" isPending="false" isSolved="false" points="0" problemId="A+B problem--2140736868804579041" solutionTime="0" />
    <problemSummaryInfo attempts="0" index="3" isPending="false" isSolved="false" points="0" problemId="A-B problem--2187398123296398825" solutionTime="0" />
    <problemSummaryInfo attempts="0" index="4" isPending="false" isSolved="false" points="0" problemId="A^B problem-4810782198431166816" solutionTime="0" />
  </teamStanding>
  <teamStanding firstSolved="-1" index="98" lastSolved="0" points="0" problemsAttempted="0" rank="98" solved="0" teamAlias="poipoipoi (not aliasesd)" teamExternalId="1024" teamId="24" teamKey="1TEAM24" teamName="poipoipoi" teamSiteId="1" totalAttempts="0">
    <problemSummaryInfo attempts="0" index="1" isPending="false" isSolved="false" points="0" problemId="Hello World!--1978929096614483534" solutionTime="0" />
    <problemSummaryInfo attempts="0" index="2" isPending="false" isSolved="false" points="0" problemId="A+B problem--2140736868804579041" solutionTime="0" />
    <problemSummaryInfo attempts="1" index="3" isPending="true" isSolved="false" points="0" problemId="A-B problem--2187398123296398825" solutionTime="0" />
    <problemSummaryInfo attempts="0" index="4" isPending="false" isSolved="false" points="0" problemId="A^B problem-4810782198431166816" solutionTime="0" />
  </teamStanding>
  <teamStanding firstSolved="-1" index="19" lastSolved="0" points="0" problemsAttempted="0" rank="19" solved="1" teamAlias="Polaris (not aliasesd)" teamExternalId="1051" teamId="51" teamKey="1TEAM51" teamName="Polaris" teamSiteId="1" totalAttempts="0">
    <problemSummaryInfo attempts="1" index="1" isPending="false" isSolved="true" points="0" problemId="Hello World!--1978929096614483534" solutionTime="0" />
    <problemSummaryInfo attempts="0" index="2" isPending="false" isSolved="false" points="0" problemId="A+B problem--2140736868804579041" solutionTime="0" />
    <problemSummaryInfo attempts="0" index="3" isPending="false" isSolved="false" points="0" problemId="A-B problem--2187398123296398825" solutionTime="0" />
    <problemSummaryInfo attempts="0" index="4" isPending="false" isSolved="false" points="0" problemId="A^B problem-4810782198431166816" solutionTime="0" />
  </teamStanding>
  <teamStanding firstSolved="-1" index="99" lastSolved="0" points="0" problemsAttempted="0" rank="99" solved="0" teamAlias="Press Any Key To Poi (not aliasesd)" teamExternalId="1080" teamId="80" teamKey="1TEAM80" teamName="Press Any Key To Poi" teamSiteId="1" totalAttempts="0">
    <problemSummaryInfo attempts="0" index="1" isPending="false" isSolved="false" points="0" problemId="Hello World!--1978929096614483534" solutionTime="0" />
    <problemSummaryInfo attempts="0" index="2" isPending="false" isSolved="false" points="0" problemId="A+B problem--2140736868804579041" solutionTime="0" />
    <problemSummaryInfo attempts="0" index="3" isPending="false" isSolved="false" points="0" problemId="A-B problem--2187398123296398825" solutionTime="0" />
    <problemSummaryInfo attempts="0" index="4" isPending="false" isSolved="false" points="0" problemId="A^B problem-4810782198431166816" solutionTime="0" />
  </teamStanding>
  <teamStanding firstSolved="-1" index="100" lastSolved="0" points="0" problemsAttempted="0" rank="100" solved="0" teamAlias="red fox (not aliasesd)" teamExternalId="1014" teamId="14" teamKey="1TEAM14" teamName="red fox" teamSiteId="1" totalAttempts="0">
    <problemSummaryInfo attempts="0" index="1" isPending="false" isSolved="false" points="0" problemId="Hello World!--1978929096614483534" solutionTime="0" />
    <problemSummaryInfo attempts="0" index="2" isPending="false" isSolved="false" points="0" problemId="A+B problem--2140736868804579041" solutionTime="0" />
    <problemSummaryInfo attempts="0" index="3" isPending="false" isSolved="false" points="0" problemId="A-B problem--2187398123296398825" solutionTime="0" />
    <problemSummaryInfo attempts="1" index="4" isPending="true" isSolved="false" points="0" problemId="A^B problem-4810782198431166816" solutionTime="0" />
  </teamStanding>
  <teamStanding firstSolved="-1" index="101" lastSolved="0" points="0" problemsAttempted="0" rank="101" solved="0" teamAlias="Reversal destiny (not aliasesd)" teamExternalId="1135" teamId="135" teamKey="1TEAM135" teamName="Reversal destiny" teamSiteId="1" totalAttempts="0">
    <problemSummaryInfo attempts="1" index="1" isPending="true" isSolved="false" points="0" problemId="Hello World!--1978929096614483534" solutionTime="0" />
    <problemSummaryInfo attempts="0" index="2" isPending="false" isSolved="false" points="0" problemId="A+B problem--2140736868804579041" solutionTime="0" />
    <problemSummaryInfo attempts="0" index="3" isPending="false" isSolved="false" points="0" problemId="A-B problem--2187398123296398825" solutionTime="0" />
    <problemSummaryInfo attempts="0" index="4" isPending="false" isSolved="false" points="0" problemId="A^B problem-4810782198431166816" solutionTime="0" />
  </teamStanding>
  <teamStanding firstSolved="-1" index="102" lastSolved="0" points="0" problemsAttempted="0" rank="102" solved="0" teamAlias="Rider (not aliasesd)" teamExternalId="1029" teamId="29" teamKey="1TEAM29" teamName="Rider" teamSiteId="1" totalAttempts="0">
    <problemSummaryInfo attempts="0" index="1" isPending="false" isSolved="false" points="0" problemId="Hello World!--1978929096614483534" solutionTime="0" />
    <problemSummaryInfo attempts="0" index="2" isPending="false" isSolved="false" points="0" problemId="A+B problem--2140736868804579041" solutionTime="0" />
    <problemSummaryInfo attempts="0" index="3" isPending="false" isSolved="false" points="0" problemId="A-B problem--2187398123296398825" solutionTime="0" />
    <problemSummaryInfo attempts="0" index="4" isPending="false" isSolved="false" points="0" problemId="A^B problem-4810782198431166816" solutionTime="0" />
  </teamStanding>
  <teamStanding firstSolved="-1" index="103" lastSolved="0" points="0" problemsAttempted="0" rank="103" solved="0" teamAlias="Ring of Fates (not aliasesd)" teamExternalId="1131" teamId="131" teamKey="1TEAM131" teamName="Ring of Fates" teamSiteId="1" totalAttempts="0">
    <problemSummaryInfo attempts="0" index="1" isPending="false" isSolved="false" points="0" problemId="Hello World!--1978929096614483534" solutionTime="0" />
    <problemSummaryInfo attempts="0" index="2" isPending="false" isSolved="false" points="0" problemId="A+B problem--2140736868804579041" solutionTime="0" />
    <problemSummaryInfo attempts="0" index="3" isPending="false" isSolved="false" points="0" problemId="A-B problem--2187398123296398825" solutionTime="0" />
    <problemSummaryInfo attempts="0" index="4" isPending="false" isSolved="false" points="0" problemId="A^B problem-4810782198431166816" solutionTime="0" />
  </teamStanding>
  <teamStanding firstSolved="-1" index="104" lastSolved="0" points="0" problemsAttempted="0" rank="104" solved="0" teamAlias="Royal (not aliasesd)" teamExternalId="1118" teamId="118" teamKey="1TEAM118" teamName="Royal" teamSiteId="1" totalAttempts="0">
    <problemSummaryInfo attempts="0" index="1" isPending="false" isSolved="false" points="0" problemId="Hello World!--1978929096614483534" solutionTime="0" />
    <problemSummaryInfo attempts="0" index="2" isPending="false" isSolved="false" points="0" problemId="A+B problem--2140736868804579041" solutionTime="0" />
    <problemSummaryInfo attempts="0" index="3" isPending="false" isSolved="false" points="0" problemId="A-B problem--2187398123296398825" solutionTime="0" />
    <problemSummaryInfo attempts="0" index="4" isPending="false" isSolved="false" points="0" problemId="A^B problem-4810782198431166816" solutionTime="0" />
  </teamStanding>
  <teamStanding firstSolved="-1" index="105" lastSolved="0" points="0" problemsAttempted="0" rank="105" solved="0" teamAlias="S.H.I.E.L.D (not aliasesd)" teamExternalId="1079" teamId="79" teamKey="1TEAM79" teamName="S.H.I.E.L.D" teamSiteId="1" totalAttempts="0">
    <problemSummaryInfo attempts="0" index="1" isPending="false" isSolved="false" points="0" problemId="Hello World!--1978929096614483534" solutionTime="0" />
    <problemSummaryInfo attempts="0" index="2" isPending="false" isSolved="false" points="0" problemId="A+B problem--2140736868804579041" solutionTime="0" />
    <problemSummaryInfo attempts="0" index="3" isPending="false" isSolved="false" points="0" problemId="A-B problem--2187398123296398825" solutionTime="0" />
    <problemSummaryInfo attempts="0" index="4" isPending="false" isSolved="false" points="0" problemId="A^B problem-4810782198431166816" solutionTime="0" />
  </teamStanding>
  <teamStanding firstSolved="-1" index="106" lastSolved="0" points="0" problemsAttempted="0" rank="106" solved="0" teamAlias="Saber (not aliasesd)" teamExternalId="1011" teamId="11" teamKey="1TEAM11" teamName="Saber" teamSiteId="1" totalAttempts="0">
    <problemSummaryInfo attempts="0" index="1" isPending="false" isSolved="false" points="0" problemId="Hello World!--1978929096614483534" solutionTime="0" />
    <problemSummaryInfo attempts="0" index="2" isPending="false" isSolved="false" points="0" problemId="A+B problem--2140736868804579041" solutionTime="0" />
    <problemSummaryInfo attempts="0" index="3" isPending="false" isSolved="false" points="0" problemId="A-B problem--2187398123296398825" solutionTime="0" />
    <problemSummaryInfo attempts="0" index="4" isPending="false" isSolved="false" points="0" problemId="A^B problem-4810782198431166816" solutionTime="0" />
  </teamStanding>
  <teamStanding firstSolved="-1" index="107" lastSolved="0" points="0" problemsAttempted="0" rank="107" solved="0" teamAlias="sauce (not aliasesd)" teamExternalId="1125" teamId="125" teamKey="1TEAM125" teamName="sauce" teamSiteId="1" totalAttempts="0">
    <problemSummaryInfo attempts="0" index="1" isPending="false" isSolved="false" points="0" problemId="Hello World!--1978929096614483534" solutionTime="0" />
    <problemSummaryInfo attempts="0" index="2" isPending="false" isSolved="false" points="0" problemId="A+B problem--2140736868804579041" solutionTime="0" />
    <problemSummaryInfo attempts="0" index="3" isPending="false" isSolved="false" points="0" problemId="A-B problem--2187398123296398825" solutionTime="0" />
    <problemSummaryInfo attempts="1" index="4" isPending="false" isSolved="false" points="0" problemId="A^B problem-4810782198431166816" solutionTime="0" />
  </teamStanding>
  <teamStanding firstSolved="-1" index="108" lastSolved="0" points="0" problemsAttempted="0" rank="108" solved="0" teamAlias="see you again (not aliasesd)" teamExternalId="1019" teamId="19" teamKey="1TEAM19" teamName="see you again" teamSiteId="1" totalAttempts="0">
    <problemSummaryInfo attempts="0" index="1" isPending="false" isSolved="false" points="0" problemId="Hello World!--1978929096614483534" solutionTime="0" />
    <problemSummaryInfo attempts="0" index="2" isPending="false" isSolved="false" points="0" problemId="A+B problem--2140736868804579041" solutionTime="0" />
    <problemSummaryInfo attempts="0" index="3" isPending="false" isSolved="false" points="0" problemId="A-B problem--2187398123296398825" solutionTime="0" />
    <problemSummaryInfo attempts="0" index="4" isPending="false" isSolved="false" points="0" problemId="A^B problem-4810782198431166816" solutionTime="0" />
  </teamStanding>
  <teamStanding firstSolved="-1" index="109" lastSolved="0" points="0" problemsAttempted="0" rank="109" solved="0" teamAlias="shadow walker (not aliasesd)" teamExternalId="1004" teamId="4" teamKey="1TEAM4" teamName="shadow walker" teamSiteId="1" totalAttempts="0">
    <problemSummaryInfo attempts="0" index="1" isPending="false" isSolved="false" points="0" problemId="Hello World!--1978929096614483534" solutionTime="0" />
    <problemSummaryInfo attempts="0" index="2" isPending="false" isSolved="false" points="0" problemId="A+B problem--2140736868804579041" solutionTime="0" />
    <problemSummaryInfo attempts="0" index="3" isPending="false" isSolved="false" points="0" problemId="A-B problem--2187398123296398825" solutionTime="0" />
    <problemSummaryInfo attempts="0" index="4" isPending="false" isSolved="false" points="0" problemId="A^B problem-4810782198431166816" solutionTime="0" />
  </teamStanding>
  <teamStanding firstSolved="-1" index="110" lastSolved="0" points="0" problemsAttempted="0" rank="110" solved="0" teamAlias="SHIELD (not aliasesd)" teamExternalId="1109" teamId="109" teamKey="1TEAM109" teamName="SHIELD" teamSiteId="1" totalAttempts="0">
    <problemSummaryInfo attempts="0" index="1" isPending="false" isSolved="false" points="0" problemId="Hello World!--1978929096614483534" solutionTime="0" />
    <problemSummaryInfo attempts="0" index="2" isPending="false" isSolved="false" points="0" problemId="A+B problem--2140736868804579041" solutionTime="0" />
    <problemSummaryInfo attempts="0" index="3" isPending="false" isSolved="false" points="0" problemId="A-B problem--2187398123296398825" solutionTime="0" />
    <problemSummaryInfo attempts="0" index="4" isPending="false" isSolved="false" points="0" problemId="A^B problem-4810782198431166816" solutionTime="0" />
  </teamStanding>
  <teamStanding firstSolved="-1" index="111" lastSolved="0" points="0" problemsAttempted="0" rank="111" solved="0" teamAlias="sky blue (not aliasesd)" teamExternalId="1054" teamId="54" teamKey="1TEAM54" teamName="sky blue" teamSiteId="1" totalAttempts="0">
    <problemSummaryInfo attempts="0" index="1" isPending="false" isSolved="false" points="0" problemId="Hello World!--1978929096614483534" solutionTime="0" />
    <problemSummaryInfo attempts="1" index="2" isPending="false" isSolved="false" points="0" problemId="A+B problem--2140736868804579041" solutionTime="0" />
    <problemSummaryInfo attempts="0" index="3" isPending="false" isSolved="false" points="0" problemId="A-B problem--2187398123296398825" solutionTime="0" />
    <problemSummaryInfo attempts="0" index="4" isPending="false" isSolved="false" points="0" problemId="A^B problem-4810782198431166816" solutionTime="0" />
  </teamStanding>
  <teamStanding firstSolved="-1" index="112" lastSolved="0" points="0" problemsAttempted="0" rank="112" solved="0" teamAlias="Smile (not aliasesd)" teamExternalId="1077" teamId="77" teamKey="1TEAM77" teamName="Smile" teamSiteId="1" totalAttempts="0">
    <problemSummaryInfo attempts="0" index="1" isPending="false" isSolved="false" points="0" problemId="Hello World!--1978929096614483534" solutionTime="0" />
    <problemSummaryInfo attempts="0" index="2" isPending="false" isSolved="false" points="0" problemId="A+B problem--2140736868804579041" solutionTime="0" />
    <problemSummaryInfo attempts="0" index="3" isPending="false" isSolved="false" points="0" problemId="A-B problem--2187398123296398825" solutionTime="0" />
    <problemSummaryInfo attempts="1" index="4" isPending="false" isSolved="false" points="0" problemId="A^B problem-4810782198431166816" solutionTime="0" />
  </teamStanding>
  <teamStanding firstSolved="-1" index="113" lastSolved="0" points="0" problemsAttempted="0" rank="113" solved="0" teamAlias="SnowFox (not aliasesd)" teamExternalId="1032" teamId="32" teamKey="1TEAM32" teamName="SnowFox" teamSiteId="1" totalAttempts="0">
    <problemSummaryInfo attempts="0" index="1" isPending="false" isSolved="false" points="0" problemId="Hello World!--1978929096614483534" solutionTime="0" />
    <problemSummaryInfo attempts="0" index="2" isPending="false" isSolved="false" points="0" problemId="A+B problem--2140736868804579041" solutionTime="0" />
    <problemSummaryInfo attempts="0" index="3" isPending="false" isSolved="false" points="0" problemId="A-B problem--2187398123296398825" solutionTime="0" />
    <problemSummaryInfo attempts="1" index="4" isPending="true" isSolved="false" points="0" problemId="A^B problem-4810782198431166816" solutionTime="0" />
  </teamStanding>
  <teamStanding firstSolved="-1" index="114" lastSolved="0" points="0" problemsAttempted="0" rank="114" solved="0" teamAlias="star and stars (not aliasesd)" teamExternalId="1107" teamId="107" teamKey="1TEAM107" teamName="star and stars" teamSiteId="1" totalAttempts="0">
    <problemSummaryInfo attempts="0" index="1" isPending="false" isSolved="false" points="0" problemId="Hello World!--1978929096614483534" solutionTime="0" />
    <problemSummaryInfo attempts="0" index="2" isPending="false" isSolved="false" points="0" problemId="A+B problem--2140736868804579041" solutionTime="0" />
    <problemSummaryInfo attempts="0" index="3" isPending="false" isSolved="false" points="0" problemId="A-B problem--2187398123296398825" solutionTime="0" />
    <problemSummaryInfo attempts="0" index="4" isPending="false" isSolved="false" points="0" problemId="A^B problem-4810782198431166816" solutionTime="0" />
  </teamStanding>
  <teamStanding firstSolved="-1" index="115" lastSolved="0" points="0" problemsAttempted="0" rank="115" solved="0" teamAlias="Take it easy (not aliasesd)" teamExternalId="1010" teamId="10" teamKey="1TEAM10" teamName="Take it easy" teamSiteId="1" totalAttempts="0">
    <problemSummaryInfo attempts="0" index="1" isPending="false" isSolved="false" points="0" problemId="Hello World!--1978929096614483534" solutionTime="0" />
    <problemSummaryInfo attempts="1" index="2" isPending="true" isSolved="false" points="0" problemId="A+B problem--2140736868804579041" solutionTime="0" />
    <problemSummaryInfo attempts="0" index="3" isPending="false" isSolved="false" points="0" problemId="A-B problem--2187398123296398825" solutionTime="0" />
    <problemSummaryInfo attempts="0" index="4" isPending="false" isSolved="false" points="0" problemId="A^B problem-4810782198431166816" solutionTime="0" />
  </teamStanding>
  <teamStanding firstSolved="-1" index="116" lastSolved="0" points="0" problemsAttempted="0" rank="116" solved="0" teamAlias="team138 (not aliasesd)" teamExternalId="1138" teamId="138" teamKey="1TEAM138" teamName="team138" teamSiteId="1" totalAttempts="0">
    <problemSummaryInfo attempts="0" index="1" isPending="false" isSolved="false" points="0" problemId="Hello World!--1978929096614483534" solutionTime="0" />
    <problemSummaryInfo attempts="0" index="2" isPending="false" isSolved="false" points="0" problemId="A+B problem--2140736868804579041" solutionTime="0" />
    <problemSummaryInfo attempts="0" index="3" isPending="false" isSolved="false" points="0" problemId="A-B problem--2187398123296398825" solutionTime="0" />
    <problemSummaryInfo attempts="1" index="4" isPending="false" isSolved="false" points="0" problemId="A^B problem-4810782198431166816" solutionTime="0" />
  </teamStanding>
  <teamStanding firstSolved="-1" index="117" lastSolved="0" points="0" problemsAttempted="0" rank="117" solved="0" teamAlias="team139 (not aliasesd)" teamExternalId="1139" teamId="139" teamKey="1TEAM139" teamName="team139" teamSiteId="1" totalAttempts="0">
    <problemSummaryInfo attempts="0" index="1" isPending="false" isSolved="false" points="0" problemId="Hello World!--1978929096614483534" solutionTime="0" />
    <problemSummaryInfo attempts="0" index="2" isPending="false" isSolved="false" points="0" problemId="A+B problem--2140736868804579041" solutionTime="0" />
    <problemSummaryInfo attempts="0" index="3" isPending="false" isSolved="false" points="0" problemId="A-B problem--2187398123296398825" solutionTime="0" />
    <problemSummaryInfo attempts="0" index="4" isPending="false" isSolved="false" points="0" problemId="A^B problem-4810782198431166816" solutionTime="0" />
  </teamStanding>
  <teamStanding firstSolved="-1" index="118" lastSolved="0" points="0" problemsAttempted="0" rank="118" solved="0" teamAlias="team140 (not aliasesd)" teamExternalId="1140" teamId="140" teamKey="1TEAM140" teamName="team140" teamSiteId="1" totalAttempts="0">
    <problemSummaryInfo attempts="0" index="1" isPending="false" isSolved="false" points="0" problemId="Hello World!--1978929096614483534" solutionTime="0" />
    <problemSummaryInfo attempts="0" index="2" isPending="false" isSolved="false" points="0" problemId="A+B problem--2140736868804579041" solutionTime="0" />
    <problemSummaryInfo attempts="0" index="3" isPending="false" isSolved="false" points="0" problemId="A-B problem--2187398123296398825" solutionTime="0" />
    <problemSummaryInfo attempts="0" index="4" isPending="false" isSolved="false" points="0" problemId="A^B problem-4810782198431166816" solutionTime="0" />
  </teamStanding>
  <teamStanding firstSolved="-1" index="20" lastSolved="0" points="0" problemsAttempted="0" rank="20" solved="1" teamAlias="team141 (not aliasesd)" teamExternalId="1141" teamId="141" teamKey="1TEAM141" teamName="team141" teamSiteId="1" totalAttempts="0">
    <problemSummaryInfo attempts="0" index="1" isPending="false" isSolved="false" points="0" problemId="Hello World!--1978929096614483534" solutionTime="0" />
    <problemSummaryInfo attempts="0" index="2" isPending="false" isSolved="false" points="0" problemId="A+B problem--2140736868804579041" solutionTime="0" />
    <problemSummaryInfo attempts="1" index="3" isPending="false" isSolved="true" points="0" problemId="A-B problem--2187398123296398825" solutionTime="0" />
    <problemSummaryInfo attempts="0" index="4" isPending="false" isSolved="false" points="0" problemId="A^B problem-4810782198431166816" solutionTime="0" />
  </teamStanding>
  <teamStanding firstSolved="-1" index="119" lastSolved="0" points="0" problemsAttempted="0" rank="119" solved="0" teamAlias="team142 (not aliasesd)" teamExternalId="1142" teamId="142" teamKey="1TEAM142" teamName="team142" teamSiteId="1" totalAttempts="0">
    <problemSummaryInfo attempts="0" index="1" isPending="false" isSolved="false" points="0" problemId="Hello World!--1978929096614483534" solutionTime="0" />
    <problemSummaryInfo attempts="0" index="2" isPending="false" isSolved="false" points="0" problemId="A+B problem--2140736868804579041" solutionTime="0" />
    <problemSummaryInfo attempts="0" index="3" isPending="false" isSolved="false" points="0" problemId="A-B problem--2187398123296398825" solutionTime="0" />
    <problemSummaryInfo attempts="1" index="4" isPending="false" isSolved="false" points="0" problemId="A^B problem-4810782198431166816" solutionTime="0" />
  </teamStanding>
  <teamStanding firstSolved="-1" index="120" lastSolved="0" points="0" problemsAttempted="0" rank="120" solved="0" teamAlias="team143 (not aliasesd)" teamExternalId="1143" teamId="143" teamKey="1TEAM143" teamName="team143" teamSiteId="1" totalAttempts="0">
    <problemSummaryInfo attempts="1" index="1" isPending="false" isSolved="false" points="0" problemId="Hello World!--1978929096614483534" solutionTime="0" />
    <problemSummaryInfo attempts="0" index="2" isPending="false" isSolved="false" points="0" problemId="A+B problem--2140736868804579041" solutionTime="0" />
    <problemSummaryInfo attempts="0" index="3" isPending="false" isSolved="false" points="0" problemId="A-B problem--2187398123296398825" solutionTime="0" />
    <problemSummaryInfo attempts="0" index="4" isPending="false" isSolved="false" points="0" problemId="A^B problem-4810782198431166816" solutionTime="0" />
  </teamStanding>
  <teamStanding firstSolved="-1" index="21" lastSolved="0" points="0" problemsAttempted="0" rank="21" solved="1" teamAlias="team144 (not aliasesd)" teamExternalId="1144" teamId="144" teamKey="1TEAM144" teamName="team144" teamSiteId="1" totalAttempts="0">
    <problemSummaryInfo attempts="1" index="1" isPending="false" isSolved="true" points="0" problemId="Hello World!--1978929096614483534" solutionTime="0" />
    <problemSummaryInfo attempts="1" index="2" isPending="true" isSolved="false" points="0" problemId="A+B problem--2140736868804579041" solutionTime="0" />
    <problemSummaryInfo attempts="0" index="3" isPending="false" isSolved="false" points="0" problemId="A-B problem--2187398123296398825" solutionTime="0" />
    <problemSummaryInfo attempts="0" index="4" isPending="false" isSolved="false" points="0" problemId="A^B problem-4810782198431166816" solutionTime="0" />
  </teamStanding>
  <teamStanding firstSolved="-1" index="121" lastSolved="0" points="0" problemsAttempted="0" rank="121" solved="0" teamAlias="team145 (not aliasesd)" teamExternalId="1145" teamId="145" teamKey="1TEAM145" teamName="team145" teamSiteId="1" totalAttempts="0">
    <problemSummaryInfo attempts="0" index="1" isPending="false" isSolved="false" points="0" problemId="Hello World!--1978929096614483534" solutionTime="0" />
    <problemSummaryInfo attempts="0" index="2" isPending="false" isSolved="false" points="0" problemId="A+B problem--2140736868804579041" solutionTime="0" />
    <problemSummaryInfo attempts="0" index="3" isPending="false" isSolved="false" points="0" problemId="A-B problem--2187398123296398825" solutionTime="0" />
    <problemSummaryInfo attempts="0" index="4" isPending="false" isSolved="false" points="0" problemId="A^B problem-4810782198431166816" solutionTime="0" />
  </teamStanding>
  <teamStanding firstSolved="-1" index="122" lastSolved="0" points="0" problemsAttempted="0" rank="122" solved="0" teamAlias="team146 (not aliasesd)" teamExternalId="1146" teamId="146" teamKey="1TEAM146" teamName="team146" teamSiteId="1" totalAttempts="0">
    <problemSummaryInfo attempts="0" index="1" isPending="false" isSolved="false" points="0" problemId="Hello World!--1978929096614483534" solutionTime="0" />
    <problemSummaryInfo attempts="0" index="2" isPending="false" isSolved="false" points="0" problemId="A+B problem--2140736868804579041" solutionTime="0" />
    <problemSummaryInfo attempts="0" index="3" isPending="false" isSolved="false" points="0" problemId="A-B problem--2187398123296398825" solutionTime="0" />
    <problemSummaryInfo attempts="0" index="4" isPending="false" isSolved="false" points="0" problemId="A^B problem-4810782198431166816" solutionTime="0" />
  </teamStanding>
  <teamStanding firstSolved="-1" index="123" lastSolved="0" points="0" problemsAttempted="0" rank="123" solved="0" teamAlias="team147 (not aliasesd)" teamExternalId="1147" teamId="147" teamKey="1TEAM147" teamName="team147" teamSiteId="1" totalAttempts="0">
    <problemSummaryInfo attempts="0" index="1" isPending="false" isSolved="false" points="0" problemId="Hello World!--1978929096614483534" solutionTime="0" />
    <problemSummaryInfo attempts="0" index="2" isPending="false" isSolved="false" points="0" problemId="A+B problem--2140736868804579041" solutionTime="0" />
    <problemSummaryInfo attempts="0" index="3" isPending="false" isSolved="false" points="0" problemId="A-B problem--2187398123296398825" solutionTime="0" />
    <problemSummaryInfo attempts="0" index="4" isPending="false" isSolved="false" points="0" problemId="A^B problem-4810782198431166816" solutionTime="0" />
  </teamStanding>
  <teamStanding firstSolved="-1" index="124" lastSolved="0" points="0" problemsAttempted="0" rank="124" solved="0" teamAlias="team148 (not aliasesd)" teamExternalId="1148" teamId="148" teamKey="1TEAM148" teamName="team148" teamSiteId="1" totalAttempts="0">
    <problemSummaryInfo attempts="0" index="1" isPending="false" isSolved="false" points="0" problemId="Hello World!--1978929096614483534" solutionTime="0" />
    <problemSummaryInfo attempts="0" index="2" isPending="false" isSolved="false" points="0" problemId="A+B problem--2140736868804579041" solutionTime="0" />
    <problemSummaryInfo attempts="1" index="3" isPending="false" isSolved="false" points="0" problemId="A-B problem--2187398123296398825" solutionTime="0" />
    <problemSummaryInfo attempts="0" index="4" isPending="false" isSolved="false" points="0" problemId="A^B problem-4810782198431166816" solutionTime="0" />
  </teamStanding>
  <teamStanding firstSolved="-1" index="125" lastSolved="0" points="0" problemsAttempted="0" rank="125" solved="0" teamAlias="team149 (not aliasesd)" teamExternalId="1149" teamId="149" teamKey="1TEAM149" teamName="team149" teamSiteId="1" totalAttempts="0">
    <problemSummaryInfo attempts="0" index="1" isPending="false" isSolved="false" points="0" problemId="Hello World!--1978929096614483534" solutionTime="0" />
    <problemSummaryInfo attempts="0" index="2" isPending="false" isSolved="false" points="0" problemId="A+B problem--2140736868804579041" solutionTime="0" />
    <problemSummaryInfo attempts="0" index="3" isPending="false" isSolved="false" points="0" problemId="A-B problem--2187398123296398825" solutionTime="0" />
    <problemSummaryInfo attempts="0" index="4" isPending="false" isSolved="false" points="0" problemId="A^B problem-4810782198431166816" solutionTime="0" />
  </teamStanding>
  <teamStanding firstSolved="-1" index="126" lastSolved="0" points="0" problemsAttempted="0" rank="126" solved="0" teamAlias="team150 (not aliasesd)" teamExternalId="1150" teamId="150" teamKey="1TEAM150" teamName="team150" teamSiteId="1" totalAttempts="0">
    <problemSummaryInfo attempts="0" index="1" isPending="false" isSolved="false" points="0" problemId="Hello World!--1978929096614483534" solutionTime="0" />
    <problemSummaryInfo attempts="0" index="2" isPending="false" isSolved="false" points="0" problemId="A+B problem--2140736868804579041" solutionTime="0" />
    <problemSummaryInfo attempts="0" index="3" isPending="false" isSolved="false" points="0" problemId="A-B problem--2187398123296398825" solutionTime="0" />
    <problemSummaryInfo attempts="1" index="4" isPending="true" isSolved="false" points="0" problemId="A^B problem-4810782198431166816" solutionTime="0" />
  </teamStanding>
  <teamStanding firstSolved="-1" index="127" lastSolved="0" points="0" problemsAttempted="0" rank="127" solved="0" teamAlias="team151 (not aliasesd)" teamExternalId="1151" teamId="151" teamKey="1TEAM151" teamName="team151" teamSiteId="1" totalAttempts="0">
    <problemSummaryInfo attempts="0" index="1" isPending="false" isSolved="false" points="0" problemId="Hello World!--1978929096614483534" solutionTime="0" />
    <problemSummaryInfo attempts="0" index="2" isPending="false" isSolved="false" points="0" problemId="A+B problem--2140736868804579041" solutionTime="0" />
    <problemSummaryInfo attempts="0" index="3" isPending="false" isSolved="false" points="0" problemId="A-B problem--2187398123296398825" solutionTime="0" />
    <problemSummaryInfo attempts="0" index="4" isPending="false" isSolved="false" points="0" problemId="A^B problem-4810782198431166816" solutionTime="0" />
  </teamStanding>
  <teamStanding firstSolved="-1" index="22" lastSolved="0" points="0" problemsAttempted="0" rank="22" solved="1" teamAlias="team152 (not aliasesd)" teamExternalId="1152" teamId="152" teamKey="1TEAM152" teamName="team152" teamSiteId="1" totalAttempts="0">
    <problemSummaryInfo attempts="0" index="1" isPending="false" isSolved="false" points="0" problemId="Hello World!--1978929096614483534" solutionTime="0" />
    <problemSummaryInfo attempts="0" index="2" isPending="false" isSolved="false" points="0" problemId="A+B problem--2140736868804579041" solutionTime="0" />
    <problemSummaryInfo attempts="1" index="3" isPending="false" isSolved="true" points="0" problemId="A-B problem--2187398123296398825" solutionTime="0" />
    <problemSummaryInfo attempts="0" index="4" isPending="false" isSolved="false" points="0" problemId="A^B problem-4810782198431166816" solutionTime="0" />
  </teamStanding>
  <teamStanding firstSolved="-1" index="128" lastSolved="0" points="0" problemsAttempted="0" rank="128" solved="0" teamAlias="team153 (not aliasesd)" teamExternalId="1153" teamId="153" teamKey="1TEAM153" teamName="team153" teamSiteId="1" totalAttempts="0">
    <problemSummaryInfo attempts="0" index="1" isPending="false" isSolved="false" points="0" problemId="Hello World!--1978929096614483534" solutionTime="0" />
    <problemSummaryInfo attempts="0" index="2" isPending="false" isSolved="false" points="0" problemId="A+B problem--2140736868804579041" solutionTime="0" />
    <problemSummaryInfo attempts="0" index="3" isPending="false" isSolved="false" points="0" problemId="A-B problem--2187398123296398825" solutionTime="0" />
    <problemSummaryInfo attempts="0" index="4" isPending="false" isSolved="false" points="0" problemId="A^B problem-4810782198431166816" solutionTime="0" />
  </teamStanding>
  <teamStanding firstSolved="-1" index="129" lastSolved="0" points="0" problemsAttempted="0" rank="129" solved="0" teamAlias="team154 (not aliasesd)" teamExternalId="1154" teamId="154" teamKey="1TEAM154" teamName="team154" teamSiteId="1" totalAttempts="0">
    <problemSummaryInfo attempts="1" index="1" isPending="true" isSolved="false" points="0" problemId="Hello World!--1978929096614483534" solutionTime="0" />
    <problemSummaryInfo attempts="0" index="2" isPending="false" isSolved="false" points="0" problemId="A+B problem--2140736868804579041" solutionTime="0" />
    <problemSummaryInfo attempts="0" index="3" isPending="false" isSolved="false" points="0" problemId="A-B problem--2187398123296398825" solutionTime="0" />
    <problemSummaryInfo attempts="0" index="4" isPending="false" isSolved="false" points="0" problemId="A^B problem-4810782198431166816" solutionTime="0" />
  </teamStanding>
  <teamStanding firstSolved="-1" index="130" lastSolved="0" points="0" problemsAttempted="0" rank="130" solved="0" teamAlias="team155 (not aliasesd)" teamExternalId="1155" teamId="155" teamKey="1TEAM155" teamName="team155" teamSiteId="1" totalAttempts="0">
    <problemSummaryInfo attempts="0" index="1" isPending="false" isSolved="false" points="0" problemId="Hello World!--1978929096614483534" solutionTime="0" />
    <problemSummaryInfo attempts="0" index="2" isPending="false" isSolved="false" points="0" problemId="A+B problem--2140736868804579041" solutionTime="0" />
    <problemSummaryInfo attempts="0" index="3" isPending="false" isSolved="false" points="0" problemId="A-B problem--2187398123296398825" solutionTime="0" />
    <problemSummaryInfo attempts="0" index="4" isPending="false" isSolved="false" points="0" problemId="A^B problem-4810782198431166816" solutionTime="0" />
  </teamStanding>
  <teamStanding firstSolved="-1" index="131" lastSolved="0" points="0" problemsAttempted="0" rank="131" solved="0" teamAlias="team156 (not aliasesd)" teamExternalId="1156" teamId="156" teamKey="1TEAM156" teamName="team156" teamSiteId="1" totalAttempts="0">
    <problemSummaryInfo attempts="0" index="1" isPending="false" isSolved="false" points="0" problemId="Hello World!--1978929096614483534" solutionTime="0" />
    <problemSummaryInfo attempts="0" index="2" isPending="false" isSolved="false" points="0" problemId="A+B problem--2140736868804579041" solutionTime="0" />
    <problemSummaryInfo attempts="0" index="3" isPending="false" isSolved="false" points="0" problemId="A-B problem--2187398123296398825" solutionTime="0" />
    <problemSummaryInfo attempts="0" index="4" isPending="false" isSolved="false" points="0" problemId="A^B problem-4810782198431166816" solutionTime="0" />
  </teamStanding>
  <teamStanding firstSolved="-1" index="132" lastSolved="0" points="0" problemsAttempted="0" rank="132" solved="0" teamAlias="team157 (not aliasesd)" teamExternalId="1157" teamId="157" teamKey="1TEAM157" teamName="team157" teamSiteId="1" totalAttempts="0">
    <problemSummaryInfo attempts="0" index="1" isPending="false" isSolved="false" points="0" problemId="Hello World!--1978929096614483534" solutionTime="0" />
    <problemSummaryInfo attempts="0" index="2" isPending="false" isSolved="false" points="0" problemId="A+B problem--2140736868804579041" solutionTime="0" />
    <problemSummaryInfo attempts="1" index="3" isPending="true" isSolved="false" points="0" problemId="A-B problem--2187398123296398825" solutionTime="0" />
    <problemSummaryInfo attempts="0" index="4" isPending="false" isSolved="false" points="0" problemId="A^B problem-4810782198431166816" solutionTime="0" />
  </teamStanding>
  <teamStanding firstSolved="-1" index="133" lastSolved="0" points="0" problemsAttempted="0" rank="133" solved="0" teamAlias="team158 (not aliasesd)" teamExternalId="1158" teamId="158" teamKey="1TEAM158" teamName="team158" teamSiteId="1" totalAttempts="0">
    <problemSummaryInfo attempts="0" index="1" isPending="false" isSolved="false" points="0" problemId="Hello World!--1978929096614483534" solutionTime="0" />
    <problemSummaryInfo attempts="0" index="2" isPending="false" isSolved="false" points="0" problemId="A+B problem--2140736868804579041" solutionTime="0" />
    <problemSummaryInfo attempts="0" index="3" isPending="false" isSolved="false" points="0" problemId="A-B problem--2187398123296398825" solutionTime="0" />
    <problemSummaryInfo attempts="0" index="4" isPending="false" isSolved="false" points="0" problemId="A^B problem-4810782198431166816" solutionTime="0" />
  </teamStanding>
  <teamStanding firstSolved="-1" index="134" lastSolved="0" points="0" problemsAttempted="0" rank="134" solved="0" teamAlias="team159 (not aliasesd)" teamExternalId="1159" teamId="159" teamKey="1TEAM159" teamName="team159" teamSiteId="1" totalAttempts="0">
    <problemSummaryInfo attempts="0" index="1" isPending="false" isSolved="false" points="0" problemId="Hello World!--1978929096614483534" solutionTime="0" />
    <problemSummaryInfo attempts="1" index="2" isPending="false" isSolved="false" points="0" problemId="A+B problem--2140736868804579041" solutionTime="0" />
    <problemSummaryInfo attempts="0" index="3" isPending="false" isSolved="false" points="0" problemId="A-B problem--2187398123296398825" solutionTime="0" />
    <problemSummaryInfo attempts="0" index="4" isPending="false" isSolved="false" points="0" problemId="A^B problem-4810782198431166816" solutionTime="0" />
  </teamStanding>
  <teamStanding firstSolved="-1" index="135" lastSolved="0" points="0" problemsAttempted="0" rank="135" solved="0" teamAlias="team160 (not aliasesd)" teamExternalId="1160" teamId="160" teamKey="1TEAM160" teamName="team160" teamSiteId="1" totalAttempts="0">
    <problemSummaryInfo attempts="1" index="1" isPending="true" isSolved="false" points="0" problemId="Hello World!--1978929096614483534" solutionTime="0" />
    <problemSummaryInfo attempts="0" index="2" isPending="false" isSolved="false" points="0" problemId="A+B problem--2140736868804579041" solutionTime="0" />
    <problemSummaryInfo attempts="0" index="3" isPending="false" isSolved="false" points="0" problemId="A-B problem--2187398123296398825" solutionTime="0" />
    <problemSummaryInfo attempts="0" index="4" isPending="false" isSolved="false" points="0" problemId="A^B problem-4810782198431166816" solutionTime="0" />
  </teamStanding>
  <teamStanding firstSolved="-1" index="23" lastSolved="0" points="0" problemsAttempted="0" rank="23" solved="1" teamAlias="TeamName (not aliasesd)" teamExternalId="1002" teamId="2" teamKey="1TEAM2" teamName="TeamName" teamSiteId="1" totalAttempts="0">
    <problemSummaryInfo attempts="0" index="1" isPending="false" isSolved="false" points="0" problemId="Hello World!--1978929096614483534" solutionTime="0" />
    <problemSummaryInfo attempts="1" index="2" isPending="false" isSolved="true" points="0" problemId="A+B problem--2140736868804579041" solutionTime="0" />
    <problemSummaryInfo attempts="0" index="3" isPending="false" isSolved="false" points="0" problemId="A-B problem--2187398123296398825" solutionTime="0" />
    <problemSummaryInfo attempts="0" index="4" isPending="false" isSolved="false" points="0" problemId="A^B problem-4810782198431166816" solutionTime="0" />
  </teamStanding>
  <teamStanding firstSolved="-1" index="24" lastSolved="0" points="0" problemsAttempted="0" rank="24" solved="1" teamAlias="TeenagerTop (not aliasesd)" teamExternalId="1089" teamId="89" teamKey="1TEAM89" teamName="TeenagerTop" teamSiteId="1" totalAttempts="0">
    <problemSummaryInfo attempts="0" index="1" isPending="false" isSolved="false" points="0" problemId="Hello World!--1978929096614483534" solutionTime="0" />
    <problemSummaryInfo attempts="1" index="2" isPending="false" isSolved="true" points="0" problemId="A+B problem--2140736868804579041" solutionTime="0" />
    <problemSummaryInfo attempts="0" index="3" isPending="false" isSolved="false" points="0" problemId="A-B problem--2187398123296398825" solutionTime="0" />
    <problemSummaryInfo attempts="0" index="4" isPending="false" isSolved="false" points="0" problemId="A^B problem-4810782198431166816" solutionTime="0" />
  </teamStanding>
  <teamStanding firstSolved="-1" index="136" lastSolved="0" points="0" problemsAttempted="0" rank="136" solved="0" teamAlias="The God of fortune (not aliasesd)" teamExternalId="1026" teamId="26" teamKey="1TEAM26" teamName="The God of fortune" teamSiteId="1" totalAttempts="0">
    <problemSummaryInfo attempts="2" index="1" isPending="true" isSolved="false" points="0" problemId="Hello World!--1978929096614483534" solutionTime="0" />
    <problemSummaryInfo attempts="0" index="2" isPending="false" isSolved="false" points="0" problemId="A+B problem--2140736868804579041" solutionTime="0" />
    <problemSummaryInfo attempts="0" index="3" isPending="false" isSolved="false" points="0" problemId="A-B problem--2187398123296398825" solutionTime="0" />
    <problemSummaryInfo attempts="0" index="4" isPending="false" isSolved="false" points="0" problemId="A^B problem-4810782198431166816" solutionTime="0" />
  </teamStanding>
  <teamStanding firstSolved="-1" index="137" lastSolved="0" points="0" problemsAttempted="0" rank="137" solved="0" teamAlias="The Sea Gull (not aliasesd)" teamExternalId="1005" teamId="5" teamKey="1TEAM5" teamName="The Sea Gull" teamSiteId="1" totalAttempts="0">
    <problemSummaryInfo attempts="0" index="1" isPending="false" isSolved="false" points="0" problemId="Hello World!--1978929096614483534" solutionTime="0" />
    <problemSummaryInfo attempts="0" index="2" isPending="false" isSolved="false" points="0" problemId="A+B problem--2140736868804579041" solutionTime="0" />
    <problemSummaryInfo attempts="0" index="3" isPending="false" isSolved="false" points="0" problemId="A-B problem--2187398123296398825" solutionTime="0" />
    <problemSummaryInfo attempts="0" index="4" isPending="false" isSolved="false" points="0" problemId="A^B problem-4810782198431166816" solutionTime="0" />
  </teamStanding>
  <teamStanding firstSolved="-1" index="138" lastSolved="0" points="0" problemsAttempted="0" rank="138" solved="0" teamAlias="ThisWillBeANewBeginning (not aliasesd)" teamExternalId="1069" teamId="69" teamKey="1TEAM69" teamName="ThisWillBeANewBeginning" teamSiteId="1" totalAttempts="0">
    <problemSummaryInfo attempts="0" index="1" isPending="false" isSolved="false" points="0" problemId="Hello World!--1978929096614483534" solutionTime="0" />
    <problemSummaryInfo attempts="0" index="2" isPending="false" isSolved="false" points="0" problemId="A+B problem--2140736868804579041" solutionTime="0" />
    <problemSummaryInfo attempts="0" index="3" isPending="false" isSolved="false" points="0" problemId="A-B problem--2187398123296398825" solutionTime="0" />
    <problemSummaryInfo attempts="0" index="4" isPending="false" isSolved="false" points="0" problemId="A^B problem-4810782198431166816" solutionTime="0" />
  </teamStanding>
  <teamStanding firstSolved="-1" index="25" lastSolved="0" points="0" problemsAttempted="0" rank="25" solved="1" teamAlias="Three Stooges (not aliasesd)" teamExternalId="1100" teamId="100" teamKey="1TEAM100" teamName="Three Stooges" teamSiteId="1" totalAttempts="0">
    <problemSummaryInfo attempts="0" index="1" isPending="false" isSolved="false" points="0" problemId="Hello World!--1978929096614483534" solutionTime="0" />
    <problemSummaryInfo attempts="1" index="2" isPending="false" isSolved="true" points="0" problemId="A+B problem--2140736868804579041" solutionTime="0" />
    <problemSummaryInfo attempts="1" index="3" isPending="true" isSolved="false" points="0" problemId="A-B problem--2187398123296398825" solutionTime="0" />
    <problemSummaryInfo attempts="1" index="4" isPending="true" isSolved="false" points="0" problemId="A^B problem-4810782198431166816" solutionTime="0" />
  </teamStanding>
  <teamStanding firstSolved="-1" index="139" lastSolved="0" points="0" problemsAttempted="0" rank="139" solved="0" teamAlias="threebody (not aliasesd)" teamExternalId="1111" teamId="111" teamKey="1TEAM111" teamName="threebody" teamSiteId="1" totalAttempts="0">
    <problemSummaryInfo attempts="0" index="1" isPending="false" isSolved="false" points="0" problemId="Hello World!--1978929096614483534" solutionTime="0" />
    <problemSummaryInfo attempts="0" index="2" isPending="false" isSolved="false" points="0" problemId="A+B problem--2140736868804579041" solutionTime="0" />
    <problemSummaryInfo attempts="0" index="3" isPending="false" isSolved="false" points="0" problemId="A-B problem--2187398123296398825" solutionTime="0" />
    <problemSummaryInfo attempts="0" index="4" isPending="false" isSolved="false" points="0" problemId="A^B problem-4810782198431166816" solutionTime="0" />
  </teamStanding>
  <teamStanding firstSolved="-1" index="140" lastSolved="0" points="0" problemsAttempted="0" rank="140" solved="0" teamAlias="TOB (not aliasesd)" teamExternalId="1040" teamId="40" teamKey="1TEAM40" teamName="TOB" teamSiteId="1" totalAttempts="0">
    <problemSummaryInfo attempts="0" index="1" isPending="false" isSolved="false" points="0" problemId="Hello World!--1978929096614483534" solutionTime="0" />
    <problemSummaryInfo attempts="0" index="2" isPending="false" isSolved="false" points="0" problemId="A+B problem--2140736868804579041" solutionTime="0" />
    <problemSummaryInfo attempts="0" index="3" isPending="false" isSolved="false" points="0" problemId="A-B problem--2187398123296398825" solutionTime="0" />
    <problemSummaryInfo attempts="0" index="4" isPending="false" isSolved="false" points="0" problemId="A^B problem-4810782198431166816" solutionTime="0" />
  </teamStanding>
  <teamStanding firstSolved="-1" index="141" lastSolved="0" points="0" problemsAttempted="0" rank="141" solved="0" teamAlias="Too Young,Too Simple (not aliasesd)" teamExternalId="1030" teamId="30" teamKey="1TEAM30" teamName="Too Young,Too Simple" teamSiteId="1" totalAttempts="0">
    <problemSummaryInfo attempts="0" index="1" isPending="false" isSolved="false" points="0" problemId="Hello World!--1978929096614483534" solutionTime="0" />
    <problemSummaryInfo attempts="0" index="2" isPending="false" isSolved="false" points="0" problemId="A+B problem--2140736868804579041" solutionTime="0" />
    <problemSummaryInfo attempts="0" index="3" isPending="false" isSolved="false" points="0" problemId="A-B problem--2187398123296398825" solutionTime="0" />
    <problemSummaryInfo attempts="0" index="4" isPending="false" isSolved="false" points="0" problemId="A^B problem-4810782198431166816" solutionTime="0" />
  </teamStanding>
  <teamStanding firstSolved="-1" index="142" lastSolved="0" points="0" problemsAttempted="0" rank="142" solved="0" teamAlias="Undead (not aliasesd)" teamExternalId="1047" teamId="47" teamKey="1TEAM47" teamName="Undead" teamSiteId="1" totalAttempts="0">
    <problemSummaryInfo attempts="1" index="1" isPending="false" isSolved="false" points="0" problemId="Hello World!--1978929096614483534" solutionTime="0" />
    <problemSummaryInfo attempts="1" index="2" isPending="false" isSolved="false" points="0" problemId="A+B problem--2140736868804579041" solutionTime="0" />
    <problemSummaryInfo attempts="0" index="3" isPending="false" isSolved="false" points="0" problemId="A-B problem--2187398123296398825" solutionTime="0" />
    <problemSummaryInfo attempts="0" index="4" isPending="false" isSolved="false" points="0" problemId="A^B problem-4810782198431166816" solutionTime="0" />
  </teamStanding>
  <teamStanding firstSolved="-1" index="143" lastSolved="0" points="0" problemsAttempted="0" rank="143" solved="0" teamAlias="unknown (not aliasesd)" teamExternalId="1123" teamId="123" teamKey="1TEAM123" teamName="unknown" teamSiteId="1" totalAttempts="0">
    <problemSummaryInfo attempts="0" index="1" isPending="false" isSolved="false" points="0" problemId="Hello World!--1978929096614483534" solutionTime="0" />
    <problemSummaryInfo attempts="1" index="2" isPending="false" isSolved="false" points="0" problemId="A+B problem--2140736868804579041" solutionTime="0" />
    <problemSummaryInfo attempts="1" index="3" isPending="true" isSolved="false" points="0" problemId="A-B problem--2187398123296398825" solutionTime="0" />
    <problemSummaryInfo attempts="0" index="4" isPending="false" isSolved="false" points="0" problemId="A^B problem-4810782198431166816" solutionTime="0" />
  </teamStanding>
  <teamStanding firstSolved="-1" index="144" lastSolved="0" points="0" problemsAttempted="0" rank="144" solved="0" teamAlias="USS Constellation (not aliasesd)" teamExternalId="1055" teamId="55" teamKey="1TEAM55" teamName="USS Constellation" teamSiteId="1" totalAttempts="0">
    <problemSummaryInfo attempts="0" index="1" isPending="false" isSolved="false" points="0" problemId="Hello World!--1978929096614483534" solutionTime="0" />
    <problemSummaryInfo attempts="1" index="2" isPending="true" isSolved="false" points="0" problemId="A+B problem--2140736868804579041" solutionTime="0" />
    <problemSummaryInfo attempts="0" index="3" isPending="false" isSolved="false" points="0" problemId="A-B problem--2187398123296398825" solutionTime="0" />
    <problemSummaryInfo attempts="0" index="4" isPending="false" isSolved="false" points="0" problemId="A^B problem-4810782198431166816" solutionTime="0" />
  </teamStanding>
  <teamStanding firstSolved="-1" index="145" lastSolved="0" points="0" problemsAttempted="0" rank="145" solved="0" teamAlias="USS Constitution (not aliasesd)" teamExternalId="1036" teamId="36" teamKey="1TEAM36" teamName="USS Constitution" teamSiteId="1" totalAttempts="0">
    <problemSummaryInfo attempts="0" index="1" isPending="false" isSolved="false" points="0" problemId="Hello World!--1978929096614483534" solutionTime="0" />
    <problemSummaryInfo attempts="1" index="2" isPending="false" isSolved="false" points="0" problemId="A+B problem--2140736868804579041" solutionTime="0" />
    <problemSummaryInfo attempts="0" index="3" isPending="false" isSolved="false" points="0" problemId="A-B problem--2187398123296398825" solutionTime="0" />
    <problemSummaryInfo attempts="0" index="4" isPending="false" isSolved="false" points="0" problemId="A^B problem-4810782198431166816" solutionTime="0" />
  </teamStanding>
  <teamStanding firstSolved="-1" index="26" lastSolved="0" points="0" problemsAttempted="0" rank="26" solved="1" teamAlias="USS Defiant (not aliasesd)" teamExternalId="1105" teamId="105" teamKey="1TEAM105" teamName="USS Defiant" teamSiteId="1" totalAttempts="0">
    <problemSummaryInfo attempts="0" index="1" isPending="false" isSolved="false" points="0" problemId="Hello World!--1978929096614483534" solutionTime="0" />
    <problemSummaryInfo attempts="1" index="2" isPending="false" isSolved="true" points="0" problemId="A+B problem--2140736868804579041" solutionTime="0" />
    <problemSummaryInfo attempts="1" index="3" isPending="false" isSolved="false" points="0" problemId="A-B problem--2187398123296398825" solutionTime="0" />
    <problemSummaryInfo attempts="1" index="4" isPending="false" isSolved="false" points="0" problemId="A^B problem-4810782198431166816" solutionTime="0" />
  </teamStanding>
  <teamStanding firstSolved="-1" index="27" lastSolved="0" points="0" problemsAttempted="0" rank="27" solved="1" teamAlias="USS Eagle (not aliasesd)" teamExternalId="1110" teamId="110" teamKey="1TEAM110" teamName="USS Eagle" teamSiteId="1" totalAttempts="0">
    <problemSummaryInfo attempts="1" index="1" isPending="true" isSolved="false" points="0" problemId="Hello World!--1978929096614483534" solutionTime="0" />
    <problemSummaryInfo attempts="1" index="2" isPending="false" isSolved="true" points="0" problemId="A+B problem--2140736868804579041" solutionTime="0" />
    <problemSummaryInfo attempts="0" index="3" isPending="false" isSolved="false" points="0" problemId="A-B problem--2187398123296398825" solutionTime="0" />
    <problemSummaryInfo attempts="0" index="4" isPending="false" isSolved="false" points="0" problemId="A^B problem-4810782198431166816" solutionTime="0" />
  </teamStanding>
  <teamStanding firstSolved="-1" index="146" lastSolved="0" points="0" problemsAttempted="0" rank="146" solved="0" teamAlias="USS Endeavour (not aliasesd)" teamExternalId="1067" teamId="67" teamKey="1TEAM67" teamName="USS Endeavour" teamSiteId="1" totalAttempts="0">
    <problemSummaryInfo attempts="0" index="1" isPending="false" isSolved="false" points="0" problemId="Hello World!--1978929096614483534" solutionTime="0" />
    <problemSummaryInfo attempts="0" index="2" isPending="false" isSolved="false" points="0" problemId="A+B problem--2140736868804579041" solutionTime="0" />
    <problemSummaryInfo attempts="1" index="3" isPending="true" isSolved="false" points="0" problemId="A-B problem--2187398123296398825" solutionTime="0" />
    <problemSummaryInfo attempts="0" index="4" isPending="false" isSolved="false" points="0" problemId="A^B problem-4810782198431166816" solutionTime="0" />
  </teamStanding>
  <teamStanding firstSolved="-1" index="147" lastSolved="0" points="0" problemsAttempted="0" rank="147" solved="0" teamAlias="USS Enterprise (not aliasesd)" teamExternalId="1124" teamId="124" teamKey="1TEAM124" teamName="USS Enterprise" teamSiteId="1" totalAttempts="0">
    <problemSummaryInfo attempts="0" index="1" isPending="false" isSolved="false" points="0" problemId="Hello World!--1978929096614483534" solutionTime="0" />
    <problemSummaryInfo attempts="0" index="2" isPending="false" isSolved="false" points="0" problemId="A+B problem--2140736868804579041" solutionTime="0" />
    <problemSummaryInfo attempts="0" index="3" isPending="false" isSolved="false" points="0" problemId="A-B problem--2187398123296398825" solutionTime="0" />
    <problemSummaryInfo attempts="1" index="4" isPending="false" isSolved="false" points="0" problemId="A^B problem-4810782198431166816" solutionTime="0" />
  </teamStanding>
  <teamStanding firstSolved="-1" index="148" lastSolved="0" points="0" problemsAttempted="0" rank="148" solved="0" teamAlias="USS Excalibur (not aliasesd)" teamExternalId="1087" teamId="87" teamKey="1TEAM87" teamName="USS Excalibur" teamSiteId="1" totalAttempts="0">
    <problemSummaryInfo attempts="0" index="1" isPending="false" isSolved="false" points="0" problemId="Hello World!--1978929096614483534" solutionTime="0" />
    <problemSummaryInfo attempts="0" index="2" isPending="false" isSolved="false" points="0" problemId="A+B problem--2140736868804579041" solutionTime="0" />
    <problemSummaryInfo attempts="0" index="3" isPending="false" isSolved="false" points="0" problemId="A-B problem--2187398123296398825" solutionTime="0" />
    <problemSummaryInfo attempts="0" index="4" isPending="false" isSolved="false" points="0" problemId="A^B problem-4810782198431166816" solutionTime="0" />
  </teamStanding>
  <teamStanding firstSolved="-1" index="28" lastSolved="0" points="0" problemsAttempted="0" rank="28" solved="1" teamAlias="USS Excelsior (not aliasesd)" teamExternalId="1025" teamId="25" teamKey="1TEAM25" teamName="USS Excelsior" teamSiteId="1" totalAttempts="0">
    <problemSummaryInfo attempts="0" index="1" isPending="false" isSolved="false" points="0" problemId="Hello World!--1978929096614483534" solutionTime="0" />
    <problemSummaryInfo attempts="0" index="2" isPending="false" isSolved="false" points="0" problemId="A+B problem--2140736868804579041" solutionTime="0" />
    <problemSummaryInfo attempts="0" index="3" isPending="false" isSolved="false" points="0" problemId="A-B problem--2187398123296398825" solutionTime="0" />
    <problemSummaryInfo attempts="1" index="4" isPending="false" isSolved="true" points="0" problemId="A^B problem-4810782198431166816" solutionTime="0" />
  </teamStanding>
  <teamStanding firstSolved="-1" index="149" lastSolved="0" points="0" problemsAttempted="0" rank="149" solved="0" teamAlias="USS Reliant (not aliasesd)" teamExternalId="1015" teamId="15" teamKey="1TEAM15" teamName="USS Reliant" teamSiteId="1" totalAttempts="0">
    <problemSummaryInfo attempts="0" index="1" isPending="false" isSolved="false" points="0" problemId="Hello World!--1978929096614483534" solutionTime="0" />
    <problemSummaryInfo attempts="0" index="2" isPending="false" isSolved="false" points="0" problemId="A+B problem--2140736868804579041" solutionTime="0" />
    <problemSummaryInfo attempts="0" index="3" isPending="false" isSolved="false" points="0" problemId="A-B problem--2187398123296398825" solutionTime="0" />
    <problemSummaryInfo attempts="1" index="4" isPending="false" isSolved="false" points="0" problemId="A^B problem-4810782198431166816" solutionTime="0" />
  </teamStanding>
  <teamStanding firstSolved="-1" index="150" lastSolved="0" points="0" problemsAttempted="0" rank="150" solved="0" teamAlias="USS Repulse (not aliasesd)" teamExternalId="1095" teamId="95" teamKey="1TEAM95" teamName="USS Repulse" teamSiteId="1" totalAttempts="0">
    <problemSummaryInfo attempts="0" index="1" isPending="false" isSolved="false" points="0" problemId="Hello World!--1978929096614483534" solutionTime="0" />
    <problemSummaryInfo attempts="0" index="2" isPending="false" isSolved="false" points="0" problemId="A+B problem--2140736868804579041" solutionTime="0" />
    <problemSummaryInfo attempts="0" index="3" isPending="false" isSolved="false" points="0" problemId="A-B problem--2187398123296398825" solutionTime="0" />
    <problemSummaryInfo attempts="1" index="4" isPending="false" isSolved="false" points="0" problemId="A^B problem-4810782198431166816" solutionTime="0" />
  </teamStanding>
  <teamStanding firstSolved="-1" index="151" lastSolved="0" points="0" problemsAttempted="0" rank="151" solved="0" teamAlias="USS Trial (not aliasesd)" teamExternalId="1088" teamId="88" teamKey="1TEAM88" teamName="USS Trial" teamSiteId="1" totalAttempts="0">
    <problemSummaryInfo attempts="0" index="1" isPending="false" isSolved="false" points="0" problemId="Hello World!--1978929096614483534" solutionTime="0" />
    <problemSummaryInfo attempts="0" index="2" isPending="false" isSolved="false" points="0" problemId="A+B problem--2140736868804579041" solutionTime="0" />
    <problemSummaryInfo attempts="1" index="3" isPending="true" isSolved="false" points="0" problemId="A-B problem--2187398123296398825" solutionTime="0" />
    <problemSummaryInfo attempts="0" index="4" isPending="false" isSolved="false" points="0" problemId="A^B problem-4810782198431166816" solutionTime="0" />
  </teamStanding>
  <teamStanding firstSolved="-1" index="152" lastSolved="0" points="0" problemsAttempted="0" rank="152" solved="0" teamAlias="Valar Morghulis (not aliasesd)" teamExternalId="1052" teamId="52" teamKey="1TEAM52" teamName="Valar Morghulis" teamSiteId="1" totalAttempts="0">
    <problemSummaryInfo attempts="0" index="1" isPending="false" isSolved="false" points="0" problemId="Hello World!--1978929096614483534" solutionTime="0" />
    <problemSummaryInfo attempts="0" index="2" isPending="false" isSolved="false" points="0" problemId="A+B problem--2140736868804579041" solutionTime="0" />
    <problemSummaryInfo attempts="0" index="3" isPending="false" isSolved="false" points="0" problemId="A-B problem--2187398123296398825" solutionTime="0" />
    <problemSummaryInfo attempts="0" index="4" isPending="false" isSolved="false" points="0" problemId="A^B problem-4810782198431166816" solutionTime="0" />
  </teamStanding>
  <teamStanding firstSolved="-1" index="153" lastSolved="0" points="0" problemsAttempted="0" rank="153" solved="0" teamAlias="WaHaHa (not aliasesd)" teamExternalId="1093" teamId="93" teamKey="1TEAM93" teamName="WaHaHa" teamSiteId="1" totalAttempts="0">
    <problemSummaryInfo attempts="0" index="1" isPending="false" isSolved="false" points="0" problemId="Hello World!--1978929096614483534" solutionTime="0" />
    <problemSummaryInfo attempts="0" index="2" isPending="false" isSolved="false" points="0" problemId="A+B problem--2140736868804579041" solutionTime="0" />
    <problemSummaryInfo attempts="0" index="3" isPending="false" isSolved="false" points="0" problemId="A-B problem--2187398123296398825" solutionTime="0" />
    <problemSummaryInfo attempts="0" index="4" isPending="false" isSolved="false" points="0" problemId="A^B problem-4810782198431166816" solutionTime="0" />
  </teamStanding>
  <teamStanding firstSolved="-1" index="154" lastSolved="0" points="0" problemsAttempted="0" rank="154" solved="0" teamAlias="Watcher (not aliasesd)" teamExternalId="1071" teamId="71" teamKey="1TEAM71" teamName="Watcher" teamSiteId="1" totalAttempts="0">
    <problemSummaryInfo attempts="0" index="1" isPending="false" isSolved="false" points="0" problemId="Hello World!--1978929096614483534" solutionTime="0" />
    <problemSummaryInfo attempts="0" index="2" isPending="false" isSolved="false" points="0" problemId="A+B problem--2140736868804579041" solutionTime="0" />
    <problemSummaryInfo attempts="0" index="3" isPending="false" isSolved="false" points="0" problemId="A-B problem--2187398123296398825" solutionTime="0" />
    <problemSummaryInfo attempts="0" index="4" isPending="false" isSolved="false" points="0" problemId="A^B problem-4810782198431166816" solutionTime="0" />
  </teamStanding>
  <teamStanding firstSolved="-1" index="155" lastSolved="0" points="0" problemsAttempted="0" rank="155" solved="0" teamAlias="we can (not aliasesd)" teamExternalId="1060" teamId="60" teamKey="1TEAM60" teamName="we can" teamSiteId="1" totalAttempts="0">
    <problemSummaryInfo attempts="0" index="1" isPending="false" isSolved="false" points="0" problemId="Hello World!--1978929096614483534" solutionTime="0" />
    <problemSummaryInfo attempts="0" index="2" isPending="false" isSolved="false" points="0" problemId="A+B problem--2140736868804579041" solutionTime="0" />
    <problemSummaryInfo attempts="0" index="3" isPending="false" isSolved="false" points="0" problemId="A-B problem--2187398123296398825" solutionTime="0" />
    <problemSummaryInfo attempts="0" index="4" isPending="false" isSolved="false" points="0" problemId="A^B problem-4810782198431166816" solutionTime="0" />
  </teamStanding>
  <teamStanding firstSolved="-1" index="29" lastSolved="0" points="0" problemsAttempted="0" rank="29" solved="1" teamAlias="what is the name (not aliasesd)" teamExternalId="1068" teamId="68" teamKey="1TEAM68" teamName="what is the name" teamSiteId="1" totalAttempts="0">
    <problemSummaryInfo attempts="0" index="1" isPending="false" isSolved="false" points="0" problemId="Hello World!--1978929096614483534" solutionTime="0" />
    <problemSummaryInfo attempts="0" index="2" isPending="false" isSolved="false" points="0" problemId="A+B problem--2140736868804579041" solutionTime="0" />
    <problemSummaryInfo attempts="1" index="3" isPending="false" isSolved="true" points="0" problemId="A-B problem--2187398123296398825" solutionTime="0" />
    <problemSummaryInfo attempts="0" index="4" isPending="false" isSolved="false" points="0" problemId="A^B problem-4810782198431166816" solutionTime="0" />
  </teamStanding>
  <teamStanding firstSolved="-1" index="156" lastSolved="0" points="0" problemsAttempted="0" rank="156" solved="0" teamAlias="whatever (not aliasesd)" teamExternalId="1091" teamId="91" teamKey="1TEAM91" teamName="whatever" teamSiteId="1" totalAttempts="0">
    <problemSummaryInfo attempts="0" index="1" isPending="false" isSolved="false" points="0" problemId="Hello World!--1978929096614483534" solutionTime="0" />
    <problemSummaryInfo attempts="0" index="2" isPending="false" isSolved="false" points="0" problemId="A+B problem--2140736868804579041" solutionTime="0" />
    <problemSummaryInfo attempts="0" index="3" isPending="false" isSolved="false" points="0" problemId="A-B problem--2187398123296398825" solutionTime="0" />
    <problemSummaryInfo attempts="0" index="4" isPending="false" isSolved="false" points="0" problemId="A^B problem-4810782198431166816" solutionTime="0" />
  </teamStanding>
  <teamStanding firstSolved="-1" index="157" lastSolved="0" points="0" problemsAttempted="0" rank="157" solved="0" teamAlias="which (not aliasesd)" teamExternalId="1049" teamId="49" teamKey="1TEAM49" teamName="which" teamSiteId="1" totalAttempts="0">
    <problemSummaryInfo attempts="0" index="1" isPending="false" isSolved="false" points="0" problemId="Hello World!--1978929096614483534" solutionTime="0" />
    <problemSummaryInfo attempts="0" index="2" isPending="false" isSolved="false" points="0" problemId="A+B problem--2140736868804579041" solutionTime="0" />
    <problemSummaryInfo attempts="0" index="3" isPending="false" isSolved="false" points="0" problemId="A-B problem--2187398123296398825" solutionTime="0" />
    <problemSummaryInfo attempts="0" index="4" isPending="false" isSolved="false" points="0" problemId="A^B problem-4810782198431166816" solutionTime="0" />
  </teamStanding>
  <teamStanding firstSolved="-1" index="158" lastSolved="0" points="0" problemsAttempted="0" rank="158" solved="0" teamAlias="white&amp;&amp;balck (not aliasesd)" teamExternalId="1021" teamId="21" teamKey="1TEAM21" teamName="white&amp;&amp;balck" teamSiteId="1" totalAttempts="0">
    <problemSummaryInfo attempts="0" index="1" isPending="false" isSolved="false" points="0" problemId="Hello World!--1978929096614483534" solutionTime="0" />
    <problemSummaryInfo attempts="0" index="2" isPending="false" isSolved="false" points="0" problemId="A+B problem--2140736868804579041" solutionTime="0" />
    <problemSummaryInfo attempts="0" index="3" isPending="false" isSolved="false" points="0" problemId="A-B problem--2187398123296398825" solutionTime="0" />
    <problemSummaryInfo attempts="0" index="4" isPending="false" isSolved="false" points="0" problemId="A^B problem-4810782198431166816" solutionTime="0" />
  </teamStanding>
  <teamStanding firstSolved="-1" index="159" lastSolved="0" points="0" problemsAttempted="0" rank="159" solved="0" teamAlias="yyfish (not aliasesd)" teamExternalId="1130" teamId="130" teamKey="1TEAM130" teamName="yyfish" teamSiteId="1" totalAttempts="0">
    <problemSummaryInfo attempts="0" index="1" isPending="false" isSolved="false" points="0" problemId="Hello World!--1978929096614483534" solutionTime="0" />
    <problemSummaryInfo attempts="0" index="2" isPending="false" isSolved="false" points="0" problemId="A+B problem--2140736868804579041" solutionTime="0" />
    <problemSummaryInfo attempts="0" index="3" isPending="false" isSolved="false" points="0" problemId="A-B problem--2187398123296398825" solutionTime="0" />
    <problemSummaryInfo attempts="0" index="4" isPending="false" isSolved="false" points="0" problemId="A^B problem-4810782198431166816" solutionTime="0" />
  </teamStanding>
  <teamStanding firstSolved="-1" index="160" lastSolved="0" points="0" problemsAttempted="0" rank="160" solved="0" teamAlias="Z3 (not aliasesd)" teamExternalId="1099" teamId="99" teamKey="1TEAM99" teamName="Z3" teamSiteId="1" totalAttempts="0">
    <problemSummaryInfo attempts="0" index="1" isPending="false" isSolved="false" points="0" problemId="Hello World!--1978929096614483534" solutionTime="0" />
    <problemSummaryInfo attempts="0" index="2" isPending="false" isSolved="false" points="0" problemId="A+B problem--2140736868804579041" solutionTime="0" />
    <problemSummaryInfo attempts="0" index="3" isPending="false" isSolved="false" points="0" problemId="A-B problem--2187398123296398825" solutionTime="0" />
    <problemSummaryInfo attempts="0" index="4" isPending="false" isSolved="false" points="0" problemId="A^B problem-4810782198431166816" solutionTime="0" />
  </teamStanding>
  <teamStanding firstSolved="-1" index="30" lastSolved="0" points="0" problemsAttempted="0" rank="30" solved="1" teamAlias="ZRL (not aliasesd)" teamExternalId="1045" teamId="45" teamKey="1TEAM45" teamName="ZRL" teamSiteId="1" totalAttempts="0">
    <problemSummaryInfo attempts="0" index="1" isPending="false" isSolved="false" points="0" problemId="Hello World!--1978929096614483534" solutionTime="0" />
    <problemSummaryInfo attempts="0" index="2" isPending="false" isSolved="false" points="0" problemId="A+B problem--2140736868804579041" solutionTime="0" />
    <problemSummaryInfo attempts="1" index="3" isPending="false" isSolved="true" points="0" problemId="A-B problem--2187398123296398825" solutionTime="0" />
    <problemSummaryInfo attempts="0" index="4" isPending="false" isSolved="false" points="0" problemId="A^B problem-4810782198431166816" solutionTime="0" />
  </teamStanding>
</contestStandings>